Microchip MPLAB XC8 Compiler V2.40

Linker command line:

-W-3 \
  --edf=C:\Program Files\Microchip\xc8\v2.40\pic\dat\20220703182018_en.msgs \
  -cn \
  -h+dist/default/production\final-project-aditya-and-ashay.X.production.sym \
  --cmf=dist/default/production\final-project-aditya-and-ashay.X.production.cmf \
  -z -Q18F67K40 -oC:\Users\ashay\AppData\Local\Temp\xcAsoe0.4 \
  --defsym=__MPLAB_BUILD=1 --fixupoverflow=error \
  -Mdist/default/production/final-project-aditya-and-ashay.X.production.map \
  --md=C:\Users\ashay\AppData\Local\Temp\xcAsoe0.dat -E1 -ver=XC8 Compiler \
  --acfsm=1493 -ACODE=00h-01FFFFh -ACONST=00h-01FFFFh \
  -ASMALLCONST=0E00h-0EFFhx498 -AMEDIUMCONST=0E00h-0FFFFh,010E00h-01FFFFh \
  -ACOMRAM=01h-05Fh -AABS1=00h-0DE9h -ABIGRAM=01h-0DE9h \
  -ARAM=060h-0FFh,0100h-01FFhx12,0D00h-0DE9h -ABANK0=060h-0FFh \
  -ABANK1=0100h-01FFh -ABANK2=0200h-02FFh -ABANK3=0300h-03FFh \
  -ABANK4=0400h-04FFh -ABANK5=0500h-05FFh -ABANK6=0600h-06FFh \
  -ABANK7=0700h-07FFh -ABANK8=0800h-08FFh -ABANK9=0900h-09FFh \
  -ABANK10=0A00h-0AFFh -ABANK11=0B00h-0BFFh -ABANK12=0C00h-0CFFh \
  -ABANK13=0D00h-0DE9h \
  -ASFR=0DEFh-0DFFh,0E00h-0EFFh,0F00h-0F5Fh,0F60h-0FFFh \
  -ABIGSFR=0DEFh-0FFFh -ACONFIG=0300000h-030000Bh -AIDLOC=0200000h-020000Fh \
  -AEEDATA=0310000h-03103FFh -peeprom_data=EEDATA \
  -preset_vec=00h,intcode,intcodelo=018h,powerup,init -pramtop=0E00h \
  -psmallconst=SMALLCONST -pmediumconst=MEDIUMCONST -pconst=CONST \
  -AFARRAM=00h-00h \
  -prdata=COMRAM,nvrram=COMRAM,nvbit=COMRAM,rbss=COMRAM,rbit=COMRAM \
  -pfarbss=FARRAM,fardata=FARRAM,nvFARRAM=FARRAM \
  -pintsave_regs=BIGRAM,bigbss=BIGRAM,bigdata=BIGRAM -pbss=RAM \
  -pidata=CODE,irdata=CODE,ibigdata=CODE,ifardata=CODE -prparam=COMRAM \
  C:\Users\ashay\AppData\Local\Temp\xcAsoe0.o \
  dist/default/production\final-project-aditya-and-ashay.X.production.o 

Object code version is 3.11

Machine type is 18F67K40



                Name                               Link     Load   Length Selector   Space Scale
C:\Users\ashay\AppData\Local\Temp\xcAsoe0.o
                idloc                            200000   200000       10        0       5
                config                           300000   300000        C        0       4
                init                                 48       48        4        C       0
                reset_vec                             0        0        4        0       0
dist/default/production\final-project-aditya-and-ashay.X.production.o
                intcodelo                            18       18       30        C       0
                idloc                            200000   200000       10        0       5
                config                           300000   300000        C        0       4
                temp                                 5D       5D        1        1       1
                text43                              754      754      39A        C       0
                text42                              FD6      FD6      1B4        C       0
                text41                             21B8     21B8       28        C       0
                text40                             205A     205A       42        C       0
                text39                             22E0     22E0        A        C       0
                text38                             22D6     22D6        A        C       0
                text37                             22CC     22CC        A        C       0
                text36                             22C0     22C0        C        C       0
                text35                             1FBE     1FBE       50        C       0
                text34                             1F6E     1F6E       50        C       0
                text33                             1F1E     1F1E       50        C       0
                text32                             1ECE     1ECE       50        C       0
                text31                             1432     1432      13A        C       0
                text30                             17B8     17B8      104        C       0
                text29                             20DC     20DC       40        C       0
                text28                             1D9E     1D9E       74        C       0
                text27                             21E0     21E0       26        C       0
                text26                             118A     118A      16C        C       0
                text25                             1B3A     1B3A       B0        C       0
                text24                             12F6     12F6      13C        C       0
                text23                             1A7C     1A7C       BE        C       0
                text22                             156C     156C      128        C       0
                text21                             18BC     18BC      102        C       0
                text20                              AEE      AEE      31C        C       0
                text19                             209C     209C       40        C       0
                text18                             19BE     19BE       BE        C       0
                text17                             1C7C     1C7C       92        C       0
                text16                             1BEA     1BEA       92        C       0
                text15                              E0A      E0A      1CC        C       0
                text14                             1694     1694      124        C       0
                text13                             229C     229C       14        C       0
                text12                               4C       4C      708        C       0
                text11                             2266     2266       20        C       0
                text10                             2286     2286       16        C       0
                text9                              218E     218E       2A        C       0
                text8                              2246     2246       20        C       0
                text7                              215A     215A       34        C       0
                text6                              1D0E     1D0E       90        C       0
                text5                              2226     2226       20        C       0
                text4                              22B0     22B0       10        C       0
                text3                              200E     200E       4C        C       0
                text2                              2206     2206       20        C       0
                text1                              211C     211C       3E        C       0
                text0                              1E78     1E78       56        C       0
                cstackCOMRAM                          1        1       3F        1       1
                cstackBANK0                          DE       DE        2       60       1
                bssBANK1                            100      100       3C      100       1
                dataBANK0                            DC       DC        2       60       1
                bssBANK0                             60       60       7C       60       1
                dataCOMRAM                           59       59        4        1       1
                bssCOMRAM                            40       40       19        1       1
                cinit                              1E12     1E12       66        C       0
                idataBANK0                         22EE     22EE        2        C       0
                idataCOMRAM                        22EA     22EA        4        C       0

TOTAL           Name                               Link     Load   Length     Space
        CLASS   CODE           
                intcodelo                            18       18       30         0
                init                                 48       48        4         0
                reset_vec                             0        0        4         0
                text43                              754      754      39A         0
                text42                              FD6      FD6      1B4         0
                text41                             21B8     21B8       28         0
                text40                             205A     205A       42         0
                text39                             22E0     22E0        A         0
                text38                             22D6     22D6        A         0
                text37                             22CC     22CC        A         0
                text36                             22C0     22C0        C         0
                text35                             1FBE     1FBE       50         0
                text34                             1F6E     1F6E       50         0
                text33                             1F1E     1F1E       50         0
                text32                             1ECE     1ECE       50         0
                text31                             1432     1432      13A         0
                text30                             17B8     17B8      104         0
                text29                             20DC     20DC       40         0
                text28                             1D9E     1D9E       74         0
                text27                             21E0     21E0       26         0
                text26                             118A     118A      16C         0
                text25                             1B3A     1B3A       B0         0
                text24                             12F6     12F6      13C         0
                text23                             1A7C     1A7C       BE         0
                text22                             156C     156C      128         0
                text21                             18BC     18BC      102         0
                text20                              AEE      AEE      31C         0
                text19                             209C     209C       40         0
                text18                             19BE     19BE       BE         0
                text17                             1C7C     1C7C       92         0
                text16                             1BEA     1BEA       92         0
                text15                              E0A      E0A      1CC         0
                text14                             1694     1694      124         0
                text13                             229C     229C       14         0
                text12                               4C       4C      708         0
                text11                             2266     2266       20         0
                text10                             2286     2286       16         0
                text9                              218E     218E       2A         0
                text8                              2246     2246       20         0
                text7                              215A     215A       34         0
                text6                              1D0E     1D0E       90         0
                text5                              2226     2226       20         0
                text4                              22B0     22B0       10         0
                text3                              200E     200E       4C         0
                text2                              2206     2206       20         0
                text1                              211C     211C       3E         0
                text0                              1E78     1E78       56         0
                cinit                              1E12     1E12       66         0
                idataBANK0                         22EE     22EE        2         0
                idataCOMRAM                        22EA     22EA        4         0

        CLASS   CONST          

        CLASS   SMALLCONST     

        CLASS   MEDIUMCONST    

        CLASS   COMRAM         
                temp                                 5D       5D        1         1
                cstackCOMRAM                          1        1       3F         1
                dataCOMRAM                           59       59        4         1
                bssCOMRAM                            40       40       19         1

        CLASS   ABS1           

        CLASS   BIGRAM         

        CLASS   RAM            

        CLASS   BANK0          
                cstackBANK0                          DE       DE        2         1
                dataBANK0                            DC       DC        2         1
                bssBANK0                             60       60       7C         1

        CLASS   BANK1          
                bssBANK1                            100      100       3C         1

        CLASS   BANK2          

        CLASS   BANK3          

        CLASS   BANK4          

        CLASS   BANK5          

        CLASS   BANK6          

        CLASS   BANK7          

        CLASS   BANK8          

        CLASS   BANK9          

        CLASS   BANK10         

        CLASS   BANK11         

        CLASS   BANK12         

        CLASS   BANK13         

        CLASS   SFR            

        CLASS   BIGSFR         

        CLASS   CONFIG         
                config                           300000   300000        C         4

        CLASS   IDLOC          
                idloc                            200000   200000       10         5

        CLASS   EEDATA         

        CLASS   FARRAM         

        CLASS   HEAP           

        CLASS   STACK          



SEGMENTS        Name                           Load    Length   Top    Selector   Space  Class

                reset_vec                      000000  000004  000004         0       0  CODE    
                cstackCOMRAM                   000001  00005D  00005E         1       1  COMRAM  
                intcodelo                      000018  0022D8  0022F0         C       0  CODE    
                bssBANK0                       000060  000080  0000E0        60       1  BANK0   
                bssBANK1                       000100  00003C  00013C       100       1  BANK1   


UNUSED ADDRESS RANGES

        Name                Unused          Largest block    Delta
        BANK0            0000E0-0000FF               20
        BANK1            00013C-0001FF               C4
        BANK10           000A00-000AFF              100
        BANK11           000B00-000BFF              100
        BANK12           000C00-000CFF              100
        BANK13           000D00-000DE9               EA
        BANK2            000200-0002FF              100
        BANK3            000300-0003FF              100
        BANK4            000400-0004FF              100
        BANK5            000500-0005FF              100
        BANK6            000600-0006FF              100
        BANK7            000700-0007FF              100
        BANK8            000800-0008FF              100
        BANK9            000900-0009FF              100
        BIGRAM           00005E-00005F                2
                         0000E0-0000FF               20
                         00013C-000DE9              CAE
        BIGSFR           000DEF-000FFF              211
        CODE             000004-000017               14
                         0022F0-01FFFF            1DD10
        COMRAM           00005E-00005F                2
        CONST            000004-000017               14
                         0022F0-01FFFF            1DD10
        EEDATA           310000-3103FF              400
        MEDIUMCONST      0022F0-00FFFF             DD10
                         010E00-01FFFF             F200
        RAM              0000E0-0000FF               20
                         00013C-000DE9              100
        SFR              000DEF-000FFF              100
        SMALLCONST       0022F0-01FFFF              100

                                  Symbol Table

?___fldiv                      cstackCOMRAM 000011
?___lwdiv                      cstackCOMRAM 000009
?___wmul                       cstackCOMRAM 000003
?___xxtofl                     cstackCOMRAM 000003
?_color_read_Blue              cstackCOMRAM 000007
?_color_read_Clear             cstackCOMRAM 000007
?_color_read_Green             cstackCOMRAM 000007
?_color_read_Red               cstackCOMRAM 000007
I2C_2_Master_Read@ack          cstackCOMRAM 000005
I2C_2_Master_Read@tmp          cstackCOMRAM 000006
I2C_2_Master_Write@data_byte   cstackCOMRAM 000004
READcolor@c                    cstackCOMRAM 00002A
_ANSELDbits                    (abs)        000EA7
_ANSELFbits                    (abs)        000EB4
_BAUD4CONbits                  (abs)        000EE9
_CCP1CONbits                   (abs)        000FAB
_CCP2CONbits                   (abs)        000FA7
_CCP3CONbits                   (abs)        000F26
_CCP4CONbits                   (abs)        000F22
_CCPR1H                        (abs)        000FAA
_CCPR2H                        (abs)        000FA6
_CCPR3H                        (abs)        000F25
_CCPR4H                        (abs)        000F21
_CCPTMRS0bits                  (abs)        000FAD
_EUSART4RXbuf                  bssBANK0     0000B0
_EUSART4TXbuf                  bssBANK1     000100
_I2C_2_Master_Idle             text41       0021B8
_I2C_2_Master_Init             text9        00218E
_I2C_2_Master_Read             text40       00205A
_I2C_2_Master_RepStart         text39       0022E0
_I2C_2_Master_Start            text38       0022D6
_I2C_2_Master_Stop             text37       0022CC
_I2C_2_Master_Write            text36       0022C0
_INTCONbits                    (abs)        000FF2
_IPR0bits                      (abs)        000E1F
_LATAbits                      (abs)        000F79
_LATCbits                      (abs)        000F7B
_LATDbits                      (abs)        000F7C
_LATEbits                      (abs)        000F7D
_LATFbits                      (abs)        000F7E
_LATGbits                      (abs)        000F7F
_LATHbits                      (abs)        000F80
_LowISR                        intcodelo    000018
_PIE0bits                      (abs)        000E29
_PIR0bits                      (abs)        000E33
_PIR4bits                      (abs)        000E37
_PORTFbits                     (abs)        000F8E
_RC0PPS                        (abs)        000E62
_RC4REG                        (abs)        000EE3
_RC4STAbits                    (abs)        000EE7
_RC7PPS                        (abs)        000E69
_RD5PPS                        (abs)        000E6F
_RD6PPS                        (abs)        000E70
_RE2PPS                        (abs)        000E74
_RE4PPS                        (abs)        000E76
_READcolor                     text31       001432
_RG6PPS                        (abs)        000E88
_RX4PPS                        (abs)        000E15
_RxBufReadCnt                  bssCOMRAM    000040
_RxBufWriteCnt                 bssCOMRAM    000041
_SP4BRGH                       (abs)        000EE6
_SP4BRGL                       (abs)        000EE5
_SSP2ADD                       (abs)        000ED6
_SSP2BUF                       (abs)        000ED5
_SSP2CLKPPS                    (abs)        000E1C
_SSP2CON1bits                  (abs)        000ED9
_SSP2CON2                      (abs)        000EDA
_SSP2CON2bits                  (abs)        000EDA
_SSP2DATPPS                    (abs)        000E1D
_SSP2STAT                      (abs)        000ED8
_T0CON0bits                    (abs)        000FD5
_T0CON1bits                    (abs)        000FD6
_T2CLKCONbits                  (abs)        000FBF
_T2CONbits                     (abs)        000FBD
_T2HLTbits                     (abs)        000FBE
_T2PR                          (abs)        000FBC
_TMR0H                         (abs)        000FD4
_TMR0L                         (abs)        000FD3
_TRISAbits                     (abs)        000F81
_TRISCbits                     (abs)        000F83
_TRISDbits                     (abs)        000F84
_TRISEbits                     (abs)        000F85
_TRISFbits                     (abs)        000F86
_TRISGbits                     (abs)        000F87
_TRISHbits                     (abs)        000F88
_TX4REG                        (abs)        000EE4
_TX4STAbits                    (abs)        000EE8
_T_flag                        bssCOMRAM    000042
_Timer0_init                   text11       002266
_TxBufReadCnt                  bssBANK0     0000C8
_TxBufWriteCnt                 bssBANK0     0000C9
__HRAM                         (abs)        000000
__Habs1                        abs1         000000
__Hbank0                       bank0        000000
__Hbank1                       bank1        000000
__Hbank10                      bank10       000000
__Hbank11                      bank11       000000
__Hbank12                      bank12       000000
__Hbank13                      bank13       000000
__Hbank2                       bank2        000000
__Hbank3                       bank3        000000
__Hbank4                       bank4        000000
__Hbank5                       bank5        000000
__Hbank6                       bank6        000000
__Hbank7                       bank7        000000
__Hbank8                       bank8        000000
__Hbank9                       bank9        000000
__Hbigbss                      bigbss       000000
__Hbigdata                     bigdata      000000
__Hbigram                      bigram       000000
__Hbigsfr                      bigsfr       000000
__Hbss                         bss          000000
__HbssBANK0                    bssBANK0     000000
__HbssBANK1                    bssBANK1     000000
__HbssCOMRAM                   bssCOMRAM    000000
__Hcinit                       cinit        000000
__Hclrtext                     clrtext      000000
__Hcomram                      comram       000000
__Hconfig                      config       30000C
__Hconst                       const        000000
__HcstackBANK0                 cstackBANK0  000000
__HcstackCOMRAM                cstackCOMRAM 000000
__Hdata                        data         000000
__HdataBANK0                   dataBANK0    000000
__HdataCOMRAM                  dataCOMRAM   000000
__Heeprom_data                 eeprom_data  000000
__Hfarbss                      farbss       000000
__Hfardata                     fardata      000000
__Hheap                        heap         000000
__Hibigdata                    ibigdata     000000
__Hidata                       idata        000000
__HidataBANK0                  idataBANK0   000000
__HidataCOMRAM                 idataCOMRAM  000000
__Hidloc                       idloc        200010
__Hifardata                    ifardata     000000
__Hinit                        init         00004C
__Hintcode                     intcode      000004
__Hintcode_body                intcode_body 000000
__Hintcodelo                   intcodelo    000048
__Hintentry                    intentry     000000
__Hintret                      intret       000000
__Hintsave_regs                intsave_regs 000000
__Hirdata                      irdata       000000
__Hmediumconst                 mediumconst  000000
__HnvFARRAM                    nvFARRAM     000000
__Hnvbit                       nvbit        000000
__Hnvrram                      nvrram       000000
__Hparam                       rparam       000000
__Hpowerup                     powerup      000048
__Hram                         ram          000000
__Hramtop                      ramtop       000E00
__Hrbit                        rbit         000000
__Hrbss                        rbss         000000
__Hrdata                       rdata        000000
__Hreset_vec                   reset_vec    000004
__Hrparam                      rparam       000000
__Hsfr                         sfr          000000
__Hsmallconst                  smallconst   000000
__Hspace_0                     (abs)        0022F0
__Hspace_1                     (abs)        00013C
__Hspace_2                     (abs)        000000
__Hspace_4                     (abs)        60000C
__Hstack                       stack        000000
__Hstruct                      struct       000000
__Htemp                        temp         00005E
__Htext                        text         000000
__Htext0                       text0        000000
__Htext1                       text1        000000
__Htext10                      text10       000000
__Htext11                      text11       000000
__Htext12                      text12       000000
__Htext13                      text13       000000
__Htext14                      text14       000000
__Htext15                      text15       000000
__Htext16                      text16       000000
__Htext17                      text17       000000
__Htext18                      text18       000000
__Htext19                      text19       000000
__Htext2                       text2        000000
__Htext20                      text20       000000
__Htext21                      text21       000000
__Htext22                      text22       000000
__Htext23                      text23       000000
__Htext24                      text24       000000
__Htext25                      text25       000000
__Htext26                      text26       000000
__Htext27                      text27       000000
__Htext28                      text28       000000
__Htext29                      text29       000000
__Htext3                       text3        000000
__Htext30                      text30       000000
__Htext31                      text31       000000
__Htext32                      text32       000000
__Htext33                      text33       000000
__Htext34                      text34       000000
__Htext35                      text35       000000
__Htext36                      text36       000000
__Htext37                      text37       000000
__Htext38                      text38       000000
__Htext39                      text39       000000
__Htext4                       text4        000000
__Htext40                      text40       000000
__Htext41                      text41       000000
__Htext42                      text42       000000
__Htext43                      text43       000000
__Htext5                       text5        000000
__Htext6                       text6        000000
__Htext7                       text7        000000
__Htext8                       text8        000000
__Htext9                       text9        000000
__LRAM                         (abs)        000001
__Labs1                        abs1         000000
__Lbank0                       bank0        000000
__Lbank1                       bank1        000000
__Lbank10                      bank10       000000
__Lbank11                      bank11       000000
__Lbank12                      bank12       000000
__Lbank13                      bank13       000000
__Lbank2                       bank2        000000
__Lbank3                       bank3        000000
__Lbank4                       bank4        000000
__Lbank5                       bank5        000000
__Lbank6                       bank6        000000
__Lbank7                       bank7        000000
__Lbank8                       bank8        000000
__Lbank9                       bank9        000000
__Lbigbss                      bigbss       000000
__Lbigdata                     bigdata      000000
__Lbigram                      bigram       000000
__Lbigsfr                      bigsfr       000000
__Lbss                         bss          000000
__LbssBANK0                    bssBANK0     000000
__LbssBANK1                    bssBANK1     000000
__LbssCOMRAM                   bssCOMRAM    000000
__Lcinit                       cinit        000000
__Lclrtext                     clrtext      000000
__Lcomram                      comram       000000
__Lconfig                      config       000000
__Lconst                       const        000000
__LcstackBANK0                 cstackBANK0  000000
__LcstackCOMRAM                cstackCOMRAM 000000
__Ldata                        data         000000
__LdataBANK0                   dataBANK0    000000
__LdataCOMRAM                  dataCOMRAM   000000
__Leeprom_data                 eeprom_data  000000
__Lfarbss                      farbss       000000
__Lfardata                     fardata      000000
__Lheap                        heap         000000
__Libigdata                    ibigdata     000000
__Lidata                       idata        000000
__LidataBANK0                  idataBANK0   000000
__LidataCOMRAM                 idataCOMRAM  000000
__Lidloc                       idloc        000000
__Lifardata                    ifardata     000000
__Linit                        init         000048
__Lintcode                     intcode      000004
__Lintcode_body                intcode_body 000000
__Lintcodelo                   intcodelo    000018
__Lintentry                    intentry     000000
__Lintret                      intret       000000
__Lintsave_regs                intsave_regs 000000
__Lirdata                      irdata       000000
__Lmediumconst                 mediumconst  000000
__LnvFARRAM                    nvFARRAM     000000
__Lnvbit                       nvbit        000000
__Lnvrram                      nvrram       000000
__Lparam                       rparam       000000
__Lpowerup                     powerup      000048
__Lram                         ram          000000
__Lramtop                      ramtop       000E00
__Lrbit                        rbit         000000
__Lrbss                        rbss         000000
__Lrdata                       rdata        000000
__Lreset_vec                   reset_vec    000000
__Lrparam                      rparam       000000
__Lsfr                         sfr          000000
__Lsmallconst                  smallconst   000000
__Lspace_0                     (abs)        000000
__Lspace_1                     (abs)        000000
__Lspace_2                     (abs)        000000
__Lspace_4                     (abs)        000000
__Lstack                       stack        000000
__Lstruct                      struct       000000
__Ltemp                        temp         00005D
__Ltext                        text         000000
__Ltext0                       text0        000000
__Ltext1                       text1        000000
__Ltext10                      text10       000000
__Ltext11                      text11       000000
__Ltext12                      text12       000000
__Ltext13                      text13       000000
__Ltext14                      text14       000000
__Ltext15                      text15       000000
__Ltext16                      text16       000000
__Ltext17                      text17       000000
__Ltext18                      text18       000000
__Ltext19                      text19       000000
__Ltext2                       text2        000000
__Ltext20                      text20       000000
__Ltext21                      text21       000000
__Ltext22                      text22       000000
__Ltext23                      text23       000000
__Ltext24                      text24       000000
__Ltext25                      text25       000000
__Ltext26                      text26       000000
__Ltext27                      text27       000000
__Ltext28                      text28       000000
__Ltext29                      text29       000000
__Ltext3                       text3        000000
__Ltext30                      text30       000000
__Ltext31                      text31       000000
__Ltext32                      text32       000000
__Ltext33                      text33       000000
__Ltext34                      text34       000000
__Ltext35                      text35       000000
__Ltext36                      text36       000000
__Ltext37                      text37       000000
__Ltext38                      text38       000000
__Ltext39                      text39       000000
__Ltext4                       text4        000000
__Ltext40                      text40       000000
__Ltext41                      text41       000000
__Ltext42                      text42       000000
__Ltext43                      text43       000000
__Ltext5                       text5        000000
__Ltext6                       text6        000000
__Ltext7                       text7        000000
__Ltext8                       text8        000000
__Ltext9                       text9        000000
__S0                           (abs)        0022F0
__S1                           (abs)        00013C
__S4                           (abs)        000000
__S5                           (abs)        000000
___fldiv                       text43       000754
___fldiv@a                     cstackCOMRAM 000015
___fldiv@aexp                  cstackCOMRAM 000029
___fldiv@b                     cstackCOMRAM 000011
___fldiv@bexp                  cstackCOMRAM 000028
___fldiv@grs                   cstackCOMRAM 000024
___fldiv@new_exp               cstackCOMRAM 000022
___fldiv@rem                   cstackCOMRAM 00001D
___fldiv@sign                  cstackCOMRAM 000021
___flge                        text30       0017B8
___flge@ff1                    cstackCOMRAM 000003
___flge@ff2                    cstackCOMRAM 000007
___heap_hi                     (abs)        000000
___heap_lo                     (abs)        000000
___inthi_sp                    stack        000000
___intlo_sp                    stack        000000
___lwdiv                       text28       001D9E
___lwdiv@counter               cstackCOMRAM 00000F
___lwdiv@dividend              cstackCOMRAM 000009
___lwdiv@divisor               cstackCOMRAM 00000B
___lwdiv@quotient              cstackCOMRAM 00000D
___param_bank                  (abs)        000000
___rparam_used                 (abs)        000001
___sp                          stack        000000
___wmul                        text27       0021E0
___wmul@multiplicand           cstackCOMRAM 000005
___wmul@multiplier             cstackCOMRAM 000003
___wmul@product                cstackCOMRAM 000007
___xxtofl                      text42       000FD6
___xxtofl@arg                  cstackCOMRAM 00000D
___xxtofl@exp                  cstackCOMRAM 00000C
___xxtofl@sign                 cstackCOMRAM 00000B
___xxtofl@val                  cstackCOMRAM 000003
__accesstop                    (abs)        000060
__activetblptr                 (abs)        000000
__end_of_I2C_2_Master_Idle     text41       0021E0
__end_of_I2C_2_Master_Init     text9        0021B8
__end_of_I2C_2_Master_Read     text40       00209C
__end_of_I2C_2_Master_RepStart text39       0022EA
__end_of_I2C_2_Master_Start    text38       0022E0
__end_of_I2C_2_Master_Stop     text37       0022D6
__end_of_I2C_2_Master_Write    text36       0022CC
__end_of_LowISR                intcodelo    000048
__end_of_READcolor             text31       00156C
__end_of_Timer0_init           text11       002286
__end_of___fldiv               text43       000AEE
__end_of___flge                text30       0018BC
__end_of___lwdiv               text28       001E12
__end_of___wmul                text27       002206
__end_of___xxtofl              text42       00118A
__end_of__initialization       cinit        001E6E
__end_of_buggyLEDs_init        text10       00229C
__end_of_buggy_color_response  text12       000754
__end_of_color_click_init      text7        00218E
__end_of_color_read_Blue       text35       00200E
__end_of_color_read_Clear      text34       001FBE
__end_of_color_read_Green      text33       001F6E
__end_of_color_read_Red        text32       001F1E
__end_of_color_writetoaddr     text8        002266
__end_of_custom_delay          text29       00211C
__end_of_delay_ms_func         text19       0020DC
__end_of_forward               text18       001A7C
__end_of_initDCmotorsPWM       text6        001D9E
__end_of_initUSART4            text5        002246
__end_of_instructions          text20       000E0A
__end_of_instructions2         text15       000FD6
__end_of_interrupts_init       text4        0022C0
__end_of_left_45               text24       001432
__end_of_main                  text0        001ECE
__end_of_motor_init            text3        00205A
__end_of_need4speed            text1        00215A
__end_of_ports_init            text2        002226
__end_of_return_home           text14       0017B8
__end_of_reverse               text23       001B3A
__end_of_reverse_pink          text17       001D0E
__end_of_reverse_yellow        text16       001C7C
__end_of_right_45              text22       001694
__end_of_setMotorPWM           text26       0012F6
__end_of_space                 text21       0019BE
__end_of_stop                  text25       001BEA
__end_of_timer_reset           text13       0022B0
__initialization               cinit        001E12
__mediumconst                  mediumconst  000000
__pbssBANK0                    bssBANK0     000060
__pbssBANK1                    bssBANK1     000100
__pbssCOMRAM                   bssCOMRAM    000040
__pcinit                       cinit        001E12
__pcstackBANK0                 cstackBANK0  0000DE
__pcstackCOMRAM                cstackCOMRAM 000001
__pdataBANK0                   dataBANK0    0000DC
__pdataCOMRAM                  dataCOMRAM   000059
__pidataBANK0                  idataBANK0   0022EE
__pidataCOMRAM                 idataCOMRAM  0022EA
__pintcodelo                   intcodelo    000018
__ptext0                       text0        001E78
__ptext1                       text1        00211C
__ptext10                      text10       002286
__ptext11                      text11       002266
__ptext12                      text12       00004C
__ptext13                      text13       00229C
__ptext14                      text14       001694
__ptext15                      text15       000E0A
__ptext16                      text16       001BEA
__ptext17                      text17       001C7C
__ptext18                      text18       0019BE
__ptext19                      text19       00209C
__ptext2                       text2        002206
__ptext20                      text20       000AEE
__ptext21                      text21       0018BC
__ptext22                      text22       00156C
__ptext23                      text23       001A7C
__ptext24                      text24       0012F6
__ptext25                      text25       001B3A
__ptext26                      text26       00118A
__ptext27                      text27       0021E0
__ptext28                      text28       001D9E
__ptext29                      text29       0020DC
__ptext3                       text3        00200E
__ptext30                      text30       0017B8
__ptext31                      text31       001432
__ptext32                      text32       001ECE
__ptext33                      text33       001F1E
__ptext34                      text34       001F6E
__ptext35                      text35       001FBE
__ptext36                      text36       0022C0
__ptext37                      text37       0022CC
__ptext38                      text38       0022D6
__ptext39                      text39       0022E0
__ptext4                       text4        0022B0
__ptext40                      text40       00205A
__ptext41                      text41       0021B8
__ptext42                      text42       000FD6
__ptext43                      text43       000754
__ptext5                       text5        002226
__ptext6                       text6        001D0E
__ptext7                       text7        00215A
__ptext8                       text8        002246
__ptext9                       text9        00218E
__ramtop                       ramtop       000E00
__smallconst                   smallconst   000000
_buggyLEDs_init                text10       002286
_buggy_color_response          text12       00004C
_card_count                    bssCOMRAM    000044
_card_memory                   bssBANK0     000088
_color                         bssCOMRAM    000045
_color_click_init              text7        00215A
_color_lowerbound              bssBANK0     0000C6
_color_read_Blue               text35       001FBE
_color_read_Clear              text34       001F6E
_color_read_Green              text33       001F1E
_color_read_Red                text32       001ECE
_color_upperbound              dataBANK0    0000DC
_color_writetoaddr             text8        002246
_custom_delay                  text29       0020DC
_delay_ms_func                 text19       00209C
_forward                       text18       0019BE
_initDCmotorsPWM               text6        001D0E
_initUSART4                    text5        002226
_instructions                  text20       000AEE
_instructions2                 text15       000E0A
_interrupts_init               text4        0022B0
_left_45                       text24       0012F6
_left_timer                    dataCOMRAM   00005B
_main                          text0        001E78
_motorL                        bssBANK0     0000D3
_motorR                        bssBANK0     0000CA
_motor_init                    text3        00200E
_need4speed                    text1        00211C
_ports_init                    text2        002206
_return_home                   text14       001694
_reverse                       text23       001A7C
_reverse_pink                  text17       001C7C
_reverse_yellow                text16       001BEA
_right_45                      text22       00156C
_right_timer                   dataCOMRAM   000059
_setMotorPWM                   text26       00118A
_space                         text21       0018BC
_stop                          text25       001B3A
_timer_index                   bssCOMRAM    000043
_timer_memory                  bssBANK0     000060
_timer_reset                   text13       00229C
_timer_val                     bssBANK0     0000C4
btemp                          temp         00005D
buggy_color_response@c         cstackCOMRAM 00003E
buggy_color_response@mL        cstackCOMRAM 00003A
buggy_color_response@mR        cstackCOMRAM 00003C
color_read_Blue@tmp            cstackCOMRAM 00000C
color_read_Clear@tmp           cstackCOMRAM 00000C
color_read_Green@tmp           cstackCOMRAM 00000C
color_read_Red@tmp             cstackCOMRAM 00000C
color_writetoaddr@address      cstackCOMRAM 000006
color_writetoaddr@value        cstackCOMRAM 000005
custom_delay@i                 cstackCOMRAM 000006
custom_delay@temp              cstackCOMRAM 000003
delay_ms_func@i                cstackCOMRAM 000007
delay_ms_func@time             cstackCOMRAM 000003
end_of_initialization          cinit        001E6E
forward@mL                     cstackCOMRAM 00001C
forward@mR                     cstackCOMRAM 00001E
initDCmotorsPWM@PWMperiod      cstackCOMRAM 000003
instructions2@count            cstackCOMRAM 000032
instructions2@mL               cstackCOMRAM 00002E
instructions2@mR               cstackCOMRAM 000030
instructions@count             cstackCOMRAM 00002C
instructions@mL                cstackCOMRAM 000028
instructions@mR                cstackCOMRAM 00002A
int$flags                      temp         00005D
intlevel0                      text         000000
intlevel1                      text         000000
intlevel2                      text         000000
intlevel3                      text         000000
isa$std                        (abs)        000001
isa$xinst                      (abs)        000000
left_45@count                  cstackCOMRAM 000020
left_45@i                      cstackCOMRAM 000026
left_45@left_timer             cstackCOMRAM 000022
left_45@mL                     cstackCOMRAM 00001C
left_45@mR                     cstackCOMRAM 00001E
motor_init@mL                  cstackCOMRAM 000003
motor_init@mR                  cstackCOMRAM 000005
return_home@mL                 cstackCOMRAM 000034
return_home@mR                 cstackCOMRAM 000036
reverse@mL                     cstackCOMRAM 00001C
reverse@mR                     cstackCOMRAM 00001E
reverse_pink@mL                cstackCOMRAM 000028
reverse_pink@mR                cstackCOMRAM 00002A
reverse_yellow@mL              cstackCOMRAM 000028
reverse_yellow@mR              cstackCOMRAM 00002A
right_45@count                 cstackCOMRAM 000020
right_45@i                     cstackCOMRAM 000026
right_45@mL                    cstackCOMRAM 00001C
right_45@mR                    cstackCOMRAM 00001E
right_45@right_timer           cstackCOMRAM 000022
setMotorPWM@m                  cstackCOMRAM 000010
setMotorPWM@negDuty            cstackCOMRAM 000015
setMotorPWM@posDuty            cstackCOMRAM 000014
space@mL                       cstackCOMRAM 00001C
space@mR                       cstackCOMRAM 00001E
stackhi                        (abs)        000000
stacklo                        (abs)        000000
start                          init         000048
start_initialization           cinit        001E12
stop@i                         cstackCOMRAM 00001A
stop@mL                        cstackCOMRAM 000016
stop@mR                        cstackCOMRAM 000018
ttemp5                         temp         00005E
ttemp6                         temp         000061
ttemp7                         temp         000065
wtemp8                         temp         00005E


MODULE INFORMATION

Module		Function		Class		Link	Load	Size
serial.c
		_initUSART4    		CODE           	2226	0000	32

serial.c estimated size: 32

timers.c
		_Timer0_init   		CODE           	2266	0000	32
		_timer_reset   		CODE           	229C	0000	20

timers.c estimated size: 52

C:\Program Files\Microchip\xc8\v2.40\pic\sources\c99\common\sprcdiv.c
		___fldiv       		CODE           	0754	0000	922

C:\Program Files\Microchip\xc8\v2.40\pic\sources\c99\common\sprcdiv.c estimated size: 922

C:\Program Files\Microchip\xc8\v2.40\pic\sources\c99\common\lwdiv.c
		___lwdiv       		CODE           	1D9E	0000	116

C:\Program Files\Microchip\xc8\v2.40\pic\sources\c99\common\lwdiv.c estimated size: 116

color.c
		_color_writetoaddr		CODE           	2246	0000	32
		_color_click_init		CODE           	215A	0000	52
		_return_home   		CODE           	1694	0000	292
		_color_read_Green		CODE           	1F1E	0000	80
		_color_read_Clear		CODE           	1F6E	0000	80
		_READcolor     		CODE           	1432	0000	314
		_color_read_Red		CODE           	1ECE	0000	80
		_buggy_color_response		CODE           	004C	0000	1800
		_delay_ms_func 		CODE           	209C	0000	64
		_color_read_Blue		CODE           	1FBE	0000	80

color.c estimated size: 2874

C:\Program Files\Microchip\xc8\v2.40\pic\sources\c99\common\Umul16.c
		___wmul        		CODE           	21E0	0000	38

C:\Program Files\Microchip\xc8\v2.40\pic\sources\c99\common\Umul16.c estimated size: 38

dc_motor.c
		_reverse_yellow		CODE           	1BEA	0000	146
		_stop          		CODE           	1B3A	0000	176
		_initDCmotorsPWM		CODE           	1D0E	0000	144
		_right_45      		CODE           	156C	0000	296
		_forward       		CODE           	19BE	0000	190
		_left_45       		CODE           	12F6	0000	316
		_setMotorPWM   		CODE           	118A	0000	364
		_instructions  		CODE           	0AEE	0000	796
		_instructions2 		CODE           	0E0A	0000	460
		_motor_init    		CODE           	200E	0000	76
		_space         		CODE           	18BC	0000	258
		_reverse       		CODE           	1A7C	0000	190
		_reverse_pink  		CODE           	1C7C	0000	146

dc_motor.c estimated size: 3558

interrupts.c
		_interrupts_init		CODE           	22B0	0000	16
		_LowISR        		CODE           	0018	0000	48

interrupts.c estimated size: 64

i2c.c
		_I2C_2_Master_Start		CODE           	22D6	0000	10
		_I2C_2_Master_Read		CODE           	205A	0000	66
		_I2C_2_Master_Idle		CODE           	21B8	0000	40
		_I2C_2_Master_Init		CODE           	218E	0000	42
		_I2C_2_Master_Stop		CODE           	22CC	0000	10
		_I2C_2_Master_RepStart		CODE           	22E0	0000	10
		_I2C_2_Master_Write		CODE           	22C0	0000	12

i2c.c estimated size: 190

calibration.c
		_custom_delay  		CODE           	20DC	0000	64

calibration.c estimated size: 64

initialisation.c
		_need4speed    		CODE           	211C	0000	62

initialisation.c estimated size: 62

C:\Program Files\Microchip\xc8\v2.40\pic\sources\c99\common\xxtofl.c
		___xxtofl      		CODE           	0FD6	0000	436

C:\Program Files\Microchip\xc8\v2.40\pic\sources\c99\common\xxtofl.c estimated size: 436

shared
		__initialization		CODE           	1E12	0000	92

shared estimated size: 92

C:\Program Files\Microchip\xc8\v2.40\pic\sources\c99\common\flge.c
		___flge        		CODE           	17B8	0000	260

C:\Program Files\Microchip\xc8\v2.40\pic\sources\c99\common\flge.c estimated size: 260

main.c
		_main          		CODE           	1E78	0000	86

main.c estimated size: 86

lights_buttons.c
		_ports_init    		CODE           	2206	0000	32
		_buggyLEDs_init		CODE           	2286	0000	22

lights_buttons.c estimated size: 54

