Microchip MPLAB XC8 Compiler V2.40

Linker command line:

-W-3 \
  --edf=C:\Program Files\Microchip\xc8\v2.40\pic\dat\20220703182018_en.msgs \
  -cn \
  -h+dist/default/production\final-project-aditya-and-ashay.X.production.sym \
  --cmf=dist/default/production\final-project-aditya-and-ashay.X.production.cmf \
  -z -Q18F67K40 -oC:\Users\ashay\AppData\Local\Temp\xcAs2c8.4 \
  --defsym=__MPLAB_BUILD=1 --fixupoverflow=error \
  -Mdist/default/production/final-project-aditya-and-ashay.X.production.map \
  --md=C:\Users\ashay\AppData\Local\Temp\xcAs2c8.dat -E1 -ver=XC8 Compiler \
  --acfsm=1493 -ACODE=00h-01FFFFh -ACONST=00h-01FFFFh \
  -ASMALLCONST=0E00h-0EFFhx498 -AMEDIUMCONST=0E00h-0FFFFh,010E00h-01FFFFh \
  -ACOMRAM=01h-05Fh -AABS1=00h-0DE9h -ABIGRAM=01h-0DE9h \
  -ARAM=060h-0FFh,0100h-01FFhx12,0D00h-0DE9h -ABANK0=060h-0FFh \
  -ABANK1=0100h-01FFh -ABANK2=0200h-02FFh -ABANK3=0300h-03FFh \
  -ABANK4=0400h-04FFh -ABANK5=0500h-05FFh -ABANK6=0600h-06FFh \
  -ABANK7=0700h-07FFh -ABANK8=0800h-08FFh -ABANK9=0900h-09FFh \
  -ABANK10=0A00h-0AFFh -ABANK11=0B00h-0BFFh -ABANK12=0C00h-0CFFh \
  -ABANK13=0D00h-0DE9h \
  -ASFR=0DEFh-0DFFh,0E00h-0EFFh,0F00h-0F5Fh,0F60h-0FFFh \
  -ABIGSFR=0DEFh-0FFFh -ACONFIG=0300000h-030000Bh -AIDLOC=0200000h-020000Fh \
  -AEEDATA=0310000h-03103FFh -peeprom_data=EEDATA \
  -preset_vec=00h,intcode,intcodelo=018h,powerup,init -pramtop=0E00h \
  -psmallconst=SMALLCONST -pmediumconst=MEDIUMCONST -pconst=CONST \
  -AFARRAM=00h-00h \
  -prdata=COMRAM,nvrram=COMRAM,nvbit=COMRAM,rbss=COMRAM,rbit=COMRAM \
  -pfarbss=FARRAM,fardata=FARRAM,nvFARRAM=FARRAM \
  -pintsave_regs=BIGRAM,bigbss=BIGRAM,bigdata=BIGRAM -pbss=RAM \
  -pidata=CODE,irdata=CODE,ibigdata=CODE,ifardata=CODE -prparam=COMRAM \
  C:\Users\ashay\AppData\Local\Temp\xcAs2c8.o \
  dist/default/production\final-project-aditya-and-ashay.X.production.o 

Object code version is 3.11

Machine type is 18F67K40



                Name                               Link     Load   Length Selector   Space Scale
C:\Users\ashay\AppData\Local\Temp\xcAs2c8.o
                idloc                            200000   200000       10        0       5
                config                           300000   300000        C        0       4
                init                                 44       44        4        C       0
                reset_vec                             0        0        4        0       0
dist/default/production\final-project-aditya-and-ashay.X.production.o
                intcodelo                            18       18       2C        C       0
                idloc                            200000   200000       10        0       5
                config                           300000   300000        C        0       4
                temp                                 5C       5C        1        1       1
                text44                              954      954      39A        C       0
                text43                              FC8      FC8      1B4        C       0
                text42                             23A0     23A0       28        C       0
                text41                             2280     2280       42        C       0
                text40                             24E0     24E0        A        C       0
                text39                             24D6     24D6        A        C       0
                text38                             24CC     24CC        A        C       0
                text37                             24C0     24C0        C        C       0
                text36                             21A2     21A2       50        C       0
                text35                             2152     2152       50        C       0
                text34                             2102     2102       50        C       0
                text33                             20B2     20B2       50        C       0
                text32                             1608     1608      13A        C       0
                text31                             1996     1996      104        C       0
                text30                             2302     2302       40        C       0
                text29                             1F04     1F04       74        C       0
                text28                             23C8     23C8       26        C       0
                text27                             149C     149C      16C        C       0
                text26                             1FE6     1FE6       6A        C       0
                text25                             186C     186C      12A        C       0
                text24                             1C86     1C86       EA        C       0
                text23                             1742     1742      12A        C       0
                text22                             1A9A     1A9A      102        C       0
                text21                              CEE      CEE      2DA        C       0
                text20                             22C2     22C2       40        C       0
                text19                             1B9C     1B9C       EA        C       0
                text18                             1E82     1E82       82        C       0
                text17                             1E00     1E00       82        C       0
                text16                             117C     117C      1AA        C       0
                text15                             1326     1326      176        C       0
                text14                             249E     249E       12        C       0
                text13                               48       48      90C        C       0
                text12                             246E     246E       1A        C       0
                text11                             244E     244E       20        C       0
                text10                             2488     2488       16        C       0
                text9                              2376     2376       2A        C       0
                text8                              242E     242E       20        C       0
                text7                              2342     2342       34        C       0
                text6                              1D70     1D70       90        C       0
                text5                              240E     240E       20        C       0
                text4                              24B0     24B0       10        C       0
                text3                              21F2     21F2       4C        C       0
                text2                              23EE     23EE       20        C       0
                text1                              223E     223E       42        C       0
                text0                              1F78     1F78       6E        C       0
                cstackCOMRAM                          1        1       3F        1       1
                cstackBANK0                          C6       C6        2       60       1
                dataBANK0                            C2       C2        4       60       1
                bssBANK0                             60       60       62       60       1
                dataCOMRAM                           58       58        4        1       1
                bssCOMRAM                            40       40       18        1       1
                cinit                              2050     2050       62        C       0
                idataBANK0                         24EE     24EE        4        C       0
                idataCOMRAM                        24EA     24EA        4        C       0

TOTAL           Name                               Link     Load   Length     Space
        CLASS   CODE           
                intcodelo                            18       18       2C         0
                init                                 44       44        4         0
                reset_vec                             0        0        4         0
                text44                              954      954      39A         0
                text43                              FC8      FC8      1B4         0
                text42                             23A0     23A0       28         0
                text41                             2280     2280       42         0
                text40                             24E0     24E0        A         0
                text39                             24D6     24D6        A         0
                text38                             24CC     24CC        A         0
                text37                             24C0     24C0        C         0
                text36                             21A2     21A2       50         0
                text35                             2152     2152       50         0
                text34                             2102     2102       50         0
                text33                             20B2     20B2       50         0
                text32                             1608     1608      13A         0
                text31                             1996     1996      104         0
                text30                             2302     2302       40         0
                text29                             1F04     1F04       74         0
                text28                             23C8     23C8       26         0
                text27                             149C     149C      16C         0
                text26                             1FE6     1FE6       6A         0
                text25                             186C     186C      12A         0
                text24                             1C86     1C86       EA         0
                text23                             1742     1742      12A         0
                text22                             1A9A     1A9A      102         0
                text21                              CEE      CEE      2DA         0
                text20                             22C2     22C2       40         0
                text19                             1B9C     1B9C       EA         0
                text18                             1E82     1E82       82         0
                text17                             1E00     1E00       82         0
                text16                             117C     117C      1AA         0
                text15                             1326     1326      176         0
                text14                             249E     249E       12         0
                text13                               48       48      90C         0
                text12                             246E     246E       1A         0
                text11                             244E     244E       20         0
                text10                             2488     2488       16         0
                text9                              2376     2376       2A         0
                text8                              242E     242E       20         0
                text7                              2342     2342       34         0
                text6                              1D70     1D70       90         0
                text5                              240E     240E       20         0
                text4                              24B0     24B0       10         0
                text3                              21F2     21F2       4C         0
                text2                              23EE     23EE       20         0
                text1                              223E     223E       42         0
                text0                              1F78     1F78       6E         0
                cinit                              2050     2050       62         0
                idataBANK0                         24EE     24EE        4         0
                idataCOMRAM                        24EA     24EA        4         0

        CLASS   CONST          

        CLASS   SMALLCONST     

        CLASS   MEDIUMCONST    

        CLASS   COMRAM         
                temp                                 5C       5C        1         1
                cstackCOMRAM                          1        1       3F         1
                dataCOMRAM                           58       58        4         1
                bssCOMRAM                            40       40       18         1

        CLASS   ABS1           

        CLASS   BIGRAM         

        CLASS   RAM            

        CLASS   BANK0          
                cstackBANK0                          C6       C6        2         1
                dataBANK0                            C2       C2        4         1
                bssBANK0                             60       60       62         1

        CLASS   BANK1          

        CLASS   BANK2          

        CLASS   BANK3          

        CLASS   BANK4          

        CLASS   BANK5          

        CLASS   BANK6          

        CLASS   BANK7          

        CLASS   BANK8          

        CLASS   BANK9          

        CLASS   BANK10         

        CLASS   BANK11         

        CLASS   BANK12         

        CLASS   BANK13         

        CLASS   SFR            

        CLASS   BIGSFR         

        CLASS   CONFIG         
                config                           300000   300000        C         4

        CLASS   IDLOC          
                idloc                            200000   200000       10         5

        CLASS   EEDATA         

        CLASS   FARRAM         

        CLASS   HEAP           

        CLASS   STACK          



SEGMENTS        Name                           Load    Length   Top    Selector   Space  Class

                reset_vec                      000000  000004  000004         0       0  CODE    
                cstackCOMRAM                   000001  00005C  00005D         1       1  COMRAM  
                intcodelo                      000018  0024DA  0024F2         C       0  CODE    
                bssBANK0                       000060  000068  0000C8        60       1  BANK0   


UNUSED ADDRESS RANGES

        Name                Unused          Largest block    Delta
        BANK0            0000C8-0000FF               38
        BANK1            000100-0001FF              100
        BANK10           000A00-000AFF              100
        BANK11           000B00-000BFF              100
        BANK12           000C00-000CFF              100
        BANK13           000D00-000DE9               EA
        BANK2            000200-0002FF              100
        BANK3            000300-0003FF              100
        BANK4            000400-0004FF              100
        BANK5            000500-0005FF              100
        BANK6            000600-0006FF              100
        BANK7            000700-0007FF              100
        BANK8            000800-0008FF              100
        BANK9            000900-0009FF              100
        BIGRAM           00005D-00005F                3
                         0000C8-000DE9              D22
        BIGSFR           000DEF-000FFF              211
        CODE             000004-000017               14
                         0024F2-01FFFF            1DB0E
        COMRAM           00005D-00005F                3
        CONST            000004-000017               14
                         0024F2-01FFFF            1DB0E
        EEDATA           310000-3103FF              400
        MEDIUMCONST      0024F2-00FFFF             DB0E
                         010E00-01FFFF             F200
        RAM              0000C8-000DE9              100
        SFR              000DEF-000FFF              100
        SMALLCONST       0024F2-01FFFF              100

                                  Symbol Table

?___fldiv                        cstackCOMRAM 000011
?___lwdiv                        cstackCOMRAM 000009
?___wmul                         cstackCOMRAM 000003
?___xxtofl                       cstackCOMRAM 000003
?_color_read_Blue                cstackCOMRAM 000007
?_color_read_Clear               cstackCOMRAM 000007
?_color_read_Green               cstackCOMRAM 000007
?_color_read_Red                 cstackCOMRAM 000007
I2C_2_Master_Read@ack            cstackCOMRAM 000005
I2C_2_Master_Read@tmp            cstackCOMRAM 000006
I2C_2_Master_Write@data_byte     cstackCOMRAM 000004
READcolor@c                      cstackCOMRAM 00002A
_ADCON0bits                      (abs)        000F60
_ADC_init                        text12       00246E
_ADPCH                           (abs)        000F5F
_ADREFbits                       (abs)        000F58
_ADRESH                          (abs)        000F64
_ANSELDbits                      (abs)        000EA7
_ANSELFbits                      (abs)        000EB4
_BAUD4CONbits                    (abs)        000EE9
_CCP1CONbits                     (abs)        000FAB
_CCP2CONbits                     (abs)        000FA7
_CCP3CONbits                     (abs)        000F26
_CCP4CONbits                     (abs)        000F22
_CCPR1H                          (abs)        000FAA
_CCPR2H                          (abs)        000FA6
_CCPR3H                          (abs)        000F25
_CCPR4H                          (abs)        000F21
_CCPTMRS0bits                    (abs)        000FAD
_I2C_2_Master_Idle               text42       0023A0
_I2C_2_Master_Init               text9        002376
_I2C_2_Master_Read               text41       002280
_I2C_2_Master_RepStart           text40       0024E0
_I2C_2_Master_Start              text39       0024D6
_I2C_2_Master_Stop               text38       0024CC
_I2C_2_Master_Write              text37       0024C0
_INTCONbits                      (abs)        000FF2
_IPR0bits                        (abs)        000E1F
_LATAbits                        (abs)        000F79
_LATCbits                        (abs)        000F7B
_LATDbits                        (abs)        000F7C
_LATEbits                        (abs)        000F7D
_LATFbits                        (abs)        000F7E
_LATGbits                        (abs)        000F7F
_LATHbits                        (abs)        000F80
_LowISR                          intcodelo    000018
_PIE0bits                        (abs)        000E29
_PIR0bits                        (abs)        000E33
_PIR4bits                        (abs)        000E37
_PORTFbits                       (abs)        000F8E
_RC0PPS                          (abs)        000E62
_RC4REG                          (abs)        000EE3
_RC4STAbits                      (abs)        000EE7
_RC7PPS                          (abs)        000E69
_RD5PPS                          (abs)        000E6F
_RD6PPS                          (abs)        000E70
_RE2PPS                          (abs)        000E74
_RE4PPS                          (abs)        000E76
_READcolor                       text32       001608
_RG6PPS                          (abs)        000E88
_RX4PPS                          (abs)        000E15
_SP4BRGH                         (abs)        000EE6
_SP4BRGL                         (abs)        000EE5
_SSP2ADD                         (abs)        000ED6
_SSP2BUF                         (abs)        000ED5
_SSP2CLKPPS                      (abs)        000E1C
_SSP2CON1bits                    (abs)        000ED9
_SSP2CON2                        (abs)        000EDA
_SSP2CON2bits                    (abs)        000EDA
_SSP2DATPPS                      (abs)        000E1D
_SSP2STAT                        (abs)        000ED8
_T0CON0bits                      (abs)        000FD5
_T0CON1bits                      (abs)        000FD6
_T2CLKCONbits                    (abs)        000FBF
_T2CONbits                       (abs)        000FBD
_T2HLTbits                       (abs)        000FBE
_T2PR                            (abs)        000FBC
_TMR0H                           (abs)        000FD4
_TMR0L                           (abs)        000FD3
_TRISAbits                       (abs)        000F81
_TRISCbits                       (abs)        000F83
_TRISDbits                       (abs)        000F84
_TRISEbits                       (abs)        000F85
_TRISFbits                       (abs)        000F86
_TRISGbits                       (abs)        000F87
_TRISHbits                       (abs)        000F88
_TX4REG                          (abs)        000EE4
_TX4STAbits                      (abs)        000EE8
_Timer0_init                     text11       00244E
__HRAM                           (abs)        000000
__Habs1                          abs1         000000
__Hbank0                         bank0        000000
__Hbank1                         bank1        000000
__Hbank10                        bank10       000000
__Hbank11                        bank11       000000
__Hbank12                        bank12       000000
__Hbank13                        bank13       000000
__Hbank2                         bank2        000000
__Hbank3                         bank3        000000
__Hbank4                         bank4        000000
__Hbank5                         bank5        000000
__Hbank6                         bank6        000000
__Hbank7                         bank7        000000
__Hbank8                         bank8        000000
__Hbank9                         bank9        000000
__Hbigbss                        bigbss       000000
__Hbigdata                       bigdata      000000
__Hbigram                        bigram       000000
__Hbigsfr                        bigsfr       000000
__Hbss                           bss          000000
__HbssBANK0                      bssBANK0     000000
__HbssCOMRAM                     bssCOMRAM    000000
__Hcinit                         cinit        000000
__Hclrtext                       clrtext      000000
__Hcomram                        comram       000000
__Hconfig                        config       30000C
__Hconst                         const        000000
__HcstackBANK0                   cstackBANK0  000000
__HcstackCOMRAM                  cstackCOMRAM 000000
__Hdata                          data         000000
__HdataBANK0                     dataBANK0    000000
__HdataCOMRAM                    dataCOMRAM   000000
__Heeprom_data                   eeprom_data  000000
__Hfarbss                        farbss       000000
__Hfardata                       fardata      000000
__Hheap                          heap         000000
__Hibigdata                      ibigdata     000000
__Hidata                         idata        000000
__HidataBANK0                    idataBANK0   000000
__HidataCOMRAM                   idataCOMRAM  000000
__Hidloc                         idloc        200010
__Hifardata                      ifardata     000000
__Hinit                          init         000048
__Hintcode                       intcode      000004
__Hintcode_body                  intcode_body 000000
__Hintcodelo                     intcodelo    000044
__Hintentry                      intentry     000000
__Hintret                        intret       000000
__Hintsave_regs                  intsave_regs 000000
__Hirdata                        irdata       000000
__Hmediumconst                   mediumconst  000000
__HnvFARRAM                      nvFARRAM     000000
__Hnvbit                         nvbit        000000
__Hnvrram                        nvrram       000000
__Hparam                         rparam       000000
__Hpowerup                       powerup      000044
__Hram                           ram          000000
__Hramtop                        ramtop       000E00
__Hrbit                          rbit         000000
__Hrbss                          rbss         000000
__Hrdata                         rdata        000000
__Hreset_vec                     reset_vec    000004
__Hrparam                        rparam       000000
__Hsfr                           sfr          000000
__Hsmallconst                    smallconst   000000
__Hspace_0                       (abs)        0024F2
__Hspace_1                       (abs)        0000C8
__Hspace_2                       (abs)        000000
__Hspace_4                       (abs)        60000C
__Hstack                         stack        000000
__Hstruct                        struct       000000
__Htemp                          temp         00005D
__Htext                          text         000000
__Htext0                         text0        000000
__Htext1                         text1        000000
__Htext10                        text10       000000
__Htext11                        text11       000000
__Htext12                        text12       000000
__Htext13                        text13       000000
__Htext14                        text14       000000
__Htext15                        text15       000000
__Htext16                        text16       000000
__Htext17                        text17       000000
__Htext18                        text18       000000
__Htext19                        text19       000000
__Htext2                         text2        000000
__Htext20                        text20       000000
__Htext21                        text21       000000
__Htext22                        text22       000000
__Htext23                        text23       000000
__Htext24                        text24       000000
__Htext25                        text25       000000
__Htext26                        text26       000000
__Htext27                        text27       000000
__Htext28                        text28       000000
__Htext29                        text29       000000
__Htext3                         text3        000000
__Htext30                        text30       000000
__Htext31                        text31       000000
__Htext32                        text32       000000
__Htext33                        text33       000000
__Htext34                        text34       000000
__Htext35                        text35       000000
__Htext36                        text36       000000
__Htext37                        text37       000000
__Htext38                        text38       000000
__Htext39                        text39       000000
__Htext4                         text4        000000
__Htext40                        text40       000000
__Htext41                        text41       000000
__Htext42                        text42       000000
__Htext43                        text43       000000
__Htext44                        text44       000000
__Htext5                         text5        000000
__Htext6                         text6        000000
__Htext7                         text7        000000
__Htext8                         text8        000000
__Htext9                         text9        000000
__LRAM                           (abs)        000001
__Labs1                          abs1         000000
__Lbank0                         bank0        000000
__Lbank1                         bank1        000000
__Lbank10                        bank10       000000
__Lbank11                        bank11       000000
__Lbank12                        bank12       000000
__Lbank13                        bank13       000000
__Lbank2                         bank2        000000
__Lbank3                         bank3        000000
__Lbank4                         bank4        000000
__Lbank5                         bank5        000000
__Lbank6                         bank6        000000
__Lbank7                         bank7        000000
__Lbank8                         bank8        000000
__Lbank9                         bank9        000000
__Lbigbss                        bigbss       000000
__Lbigdata                       bigdata      000000
__Lbigram                        bigram       000000
__Lbigsfr                        bigsfr       000000
__Lbss                           bss          000000
__LbssBANK0                      bssBANK0     000000
__LbssCOMRAM                     bssCOMRAM    000000
__Lcinit                         cinit        000000
__Lclrtext                       clrtext      000000
__Lcomram                        comram       000000
__Lconfig                        config       000000
__Lconst                         const        000000
__LcstackBANK0                   cstackBANK0  000000
__LcstackCOMRAM                  cstackCOMRAM 000000
__Ldata                          data         000000
__LdataBANK0                     dataBANK0    000000
__LdataCOMRAM                    dataCOMRAM   000000
__Leeprom_data                   eeprom_data  000000
__Lfarbss                        farbss       000000
__Lfardata                       fardata      000000
__Lheap                          heap         000000
__Libigdata                      ibigdata     000000
__Lidata                         idata        000000
__LidataBANK0                    idataBANK0   000000
__LidataCOMRAM                   idataCOMRAM  000000
__Lidloc                         idloc        000000
__Lifardata                      ifardata     000000
__Linit                          init         000044
__Lintcode                       intcode      000004
__Lintcode_body                  intcode_body 000000
__Lintcodelo                     intcodelo    000018
__Lintentry                      intentry     000000
__Lintret                        intret       000000
__Lintsave_regs                  intsave_regs 000000
__Lirdata                        irdata       000000
__Lmediumconst                   mediumconst  000000
__LnvFARRAM                      nvFARRAM     000000
__Lnvbit                         nvbit        000000
__Lnvrram                        nvrram       000000
__Lparam                         rparam       000000
__Lpowerup                       powerup      000044
__Lram                           ram          000000
__Lramtop                        ramtop       000E00
__Lrbit                          rbit         000000
__Lrbss                          rbss         000000
__Lrdata                         rdata        000000
__Lreset_vec                     reset_vec    000000
__Lrparam                        rparam       000000
__Lsfr                           sfr          000000
__Lsmallconst                    smallconst   000000
__Lspace_0                       (abs)        000000
__Lspace_1                       (abs)        000000
__Lspace_2                       (abs)        000000
__Lspace_4                       (abs)        000000
__Lstack                         stack        000000
__Lstruct                        struct       000000
__Ltemp                          temp         00005C
__Ltext                          text         000000
__Ltext0                         text0        000000
__Ltext1                         text1        000000
__Ltext10                        text10       000000
__Ltext11                        text11       000000
__Ltext12                        text12       000000
__Ltext13                        text13       000000
__Ltext14                        text14       000000
__Ltext15                        text15       000000
__Ltext16                        text16       000000
__Ltext17                        text17       000000
__Ltext18                        text18       000000
__Ltext19                        text19       000000
__Ltext2                         text2        000000
__Ltext20                        text20       000000
__Ltext21                        text21       000000
__Ltext22                        text22       000000
__Ltext23                        text23       000000
__Ltext24                        text24       000000
__Ltext25                        text25       000000
__Ltext26                        text26       000000
__Ltext27                        text27       000000
__Ltext28                        text28       000000
__Ltext29                        text29       000000
__Ltext3                         text3        000000
__Ltext30                        text30       000000
__Ltext31                        text31       000000
__Ltext32                        text32       000000
__Ltext33                        text33       000000
__Ltext34                        text34       000000
__Ltext35                        text35       000000
__Ltext36                        text36       000000
__Ltext37                        text37       000000
__Ltext38                        text38       000000
__Ltext39                        text39       000000
__Ltext4                         text4        000000
__Ltext40                        text40       000000
__Ltext41                        text41       000000
__Ltext42                        text42       000000
__Ltext43                        text43       000000
__Ltext44                        text44       000000
__Ltext5                         text5        000000
__Ltext6                         text6        000000
__Ltext7                         text7        000000
__Ltext8                         text8        000000
__Ltext9                         text9        000000
__S0                             (abs)        0024F2
__S1                             (abs)        0000C8
__S4                             (abs)        000000
__S5                             (abs)        000000
___fldiv                         text44       000954
___fldiv@a                       cstackCOMRAM 000015
___fldiv@aexp                    cstackCOMRAM 000029
___fldiv@b                       cstackCOMRAM 000011
___fldiv@bexp                    cstackCOMRAM 000028
___fldiv@grs                     cstackCOMRAM 000024
___fldiv@new_exp                 cstackCOMRAM 000022
___fldiv@rem                     cstackCOMRAM 00001D
___fldiv@sign                    cstackCOMRAM 000021
___flge                          text31       001996
___flge@ff1                      cstackCOMRAM 000003
___flge@ff2                      cstackCOMRAM 000007
___heap_hi                       (abs)        000000
___heap_lo                       (abs)        000000
___inthi_sp                      stack        000000
___intlo_sp                      stack        000000
___lwdiv                         text29       001F04
___lwdiv@counter                 cstackCOMRAM 00000F
___lwdiv@dividend                cstackCOMRAM 000009
___lwdiv@divisor                 cstackCOMRAM 00000B
___lwdiv@quotient                cstackCOMRAM 00000D
___param_bank                    (abs)        000000
___rparam_used                   (abs)        000001
___sp                            stack        000000
___wmul                          text28       0023C8
___wmul@multiplicand             cstackCOMRAM 000005
___wmul@multiplier               cstackCOMRAM 000003
___wmul@product                  cstackCOMRAM 000007
___xxtofl                        text43       000FC8
___xxtofl@arg                    cstackCOMRAM 00000D
___xxtofl@exp                    cstackCOMRAM 00000C
___xxtofl@sign                   cstackCOMRAM 00000B
___xxtofl@val                    cstackCOMRAM 000003
__accesstop                      (abs)        000060
__activetblptr                   (abs)        000000
__end_of_ADC_init                text12       002488
__end_of_I2C_2_Master_Idle       text42       0023C8
__end_of_I2C_2_Master_Init       text9        0023A0
__end_of_I2C_2_Master_Read       text41       0022C2
__end_of_I2C_2_Master_RepStart   text40       0024EA
__end_of_I2C_2_Master_Start      text39       0024E0
__end_of_I2C_2_Master_Stop       text38       0024D6
__end_of_I2C_2_Master_Write      text37       0024CC
__end_of_LowISR                  intcodelo    000044
__end_of_READcolor               text32       001742
__end_of_Timer0_init             text11       00246E
__end_of___fldiv                 text44       000CEE
__end_of___flge                  text31       001A9A
__end_of___lwdiv                 text29       001F78
__end_of___wmul                  text28       0023EE
__end_of___xxtofl                text43       00117C
__end_of__initialization         cinit        0020A8
__end_of_buggyLEDs_init          text10       00249E
__end_of_buggy_color_response    text13       000954
__end_of_color_click_init        text7        002376
__end_of_color_read_Blue         text36       0021F2
__end_of_color_read_Clear        text35       0021A2
__end_of_color_read_Green        text34       002152
__end_of_color_read_Red          text33       002102
__end_of_color_writetoaddr       text8        00244E
__end_of_complete_initialisation text1        002280
__end_of_custom_delay            text30       002342
__end_of_delay_ms_func           text20       002302
__end_of_forward                 text19       001C86
__end_of_initDCmotorsPWM         text6        001E00
__end_of_initUSART4              text5        00242E
__end_of_interrupts_init         text4        0024C0
__end_of_left_45                 text25       001996
__end_of_main                    text0        001FE6
__end_of_motor_init              text3        00223E
__end_of_movement                text21       000FC8
__end_of_movement_return         text16       001326
__end_of_ports_init              text2        00240E
__end_of_return_home             text15       00149C
__end_of_reverse                 text24       001D70
__end_of_reverse_pink            text18       001F04
__end_of_reverse_yellow          text17       001E82
__end_of_right_45                text23       00186C
__end_of_setMotorPWM             text27       001608
__end_of_space                   text22       001B9C
__end_of_stop                    text26       002050
__end_of_timer_reset             text14       0024B0
__initialization                 cinit        002050
__mediumconst                    mediumconst  000000
__pbssBANK0                      bssBANK0     000060
__pbssCOMRAM                     bssCOMRAM    000040
__pcinit                         cinit        002050
__pcstackBANK0                   cstackBANK0  0000C6
__pcstackCOMRAM                  cstackCOMRAM 000001
__pdataBANK0                     dataBANK0    0000C2
__pdataCOMRAM                    dataCOMRAM   000058
__pidataBANK0                    idataBANK0   0024EE
__pidataCOMRAM                   idataCOMRAM  0024EA
__pintcodelo                     intcodelo    000018
__ptext0                         text0        001F78
__ptext1                         text1        00223E
__ptext10                        text10       002488
__ptext11                        text11       00244E
__ptext12                        text12       00246E
__ptext13                        text13       000048
__ptext14                        text14       00249E
__ptext15                        text15       001326
__ptext16                        text16       00117C
__ptext17                        text17       001E00
__ptext18                        text18       001E82
__ptext19                        text19       001B9C
__ptext2                         text2        0023EE
__ptext20                        text20       0022C2
__ptext21                        text21       000CEE
__ptext22                        text22       001A9A
__ptext23                        text23       001742
__ptext24                        text24       001C86
__ptext25                        text25       00186C
__ptext26                        text26       001FE6
__ptext27                        text27       00149C
__ptext28                        text28       0023C8
__ptext29                        text29       001F04
__ptext3                         text3        0021F2
__ptext30                        text30       002302
__ptext31                        text31       001996
__ptext32                        text32       001608
__ptext33                        text33       0020B2
__ptext34                        text34       002102
__ptext35                        text35       002152
__ptext36                        text36       0021A2
__ptext37                        text37       0024C0
__ptext38                        text38       0024CC
__ptext39                        text39       0024D6
__ptext4                         text4        0024B0
__ptext40                        text40       0024E0
__ptext41                        text41       002280
__ptext42                        text42       0023A0
__ptext43                        text43       000FC8
__ptext44                        text44       000954
__ptext5                         text5        00240E
__ptext6                         text6        001D70
__ptext7                         text7        002342
__ptext8                         text8        00242E
__ptext9                         text9        002376
__ramtop                         ramtop       000E00
__smallconst                     smallconst   000000
_buggyLEDs_init                  text10       002488
_buggy_color_response            text13       000048
_card_count                      bssCOMRAM    000043
_card_memory                     bssBANK0     000088
_color                           bssCOMRAM    000044
_color_click_init                text7        002342
_color_read_Blue                 text36       0021A2
_color_read_Clear                text35       002152
_color_read_Green                text34       002102
_color_read_Red                  text33       0020B2
_color_upperbound                dataBANK0    0000C2
_color_writetoaddr               text8        00242E
_complete_initialisation         text1        00223E
_custom_delay                    text30       002302
_delay_ms_func                   text20       0022C2
_forward                         text19       001B9C
_initDCmotorsPWM                 text6        001D70
_initUSART4                      text5        00240E
_interrupts_init                 text4        0024B0
_left_45                         text25       00186C
_left_timer                      dataCOMRAM   00005A
_main                            text0        001F78
_motorL                          bssBANK0     0000B9
_motorR                          bssBANK0     0000B0
_motor_init                      text3        0021F2
_movement                        text21       000CEE
_movement_return                 text16       00117C
_ports_init                      text2        0023EE
_return_home                     text15       001326
_reverse                         text24       001C86
_reverse_pink                    text18       001E82
_reverse_yellow                  text17       001E00
_right_45                        text23       001742
_right_timer                     dataCOMRAM   000058
_setMotorPWM                     text27       00149C
_space                           text22       001A9A
_square_timer                    dataBANK0    0000C4
_stop                            text26       001FE6
_timer_index                     bssCOMRAM    000042
_timer_memory                    bssBANK0     000060
_timer_reset                     text14       00249E
_timer_val                       bssCOMRAM    000040
btemp                            temp         00005C
buggy_color_response@c           cstackCOMRAM 00003A
buggy_color_response@count2      cstackCOMRAM 00003E
buggy_color_response@j           cstackCOMRAM 00003F
buggy_color_response@mL          cstackCOMRAM 000036
buggy_color_response@mR          cstackCOMRAM 000038
color_read_Blue@tmp              cstackCOMRAM 00000C
color_read_Clear@tmp             cstackCOMRAM 00000C
color_read_Green@tmp             cstackCOMRAM 00000C
color_read_Red@tmp               cstackCOMRAM 00000C
color_writetoaddr@address        cstackCOMRAM 000006
color_writetoaddr@value          cstackCOMRAM 000005
custom_delay@i                   cstackCOMRAM 000006
custom_delay@temp                cstackCOMRAM 000003
delay_ms_func@i                  cstackCOMRAM 000007
delay_ms_func@time               cstackCOMRAM 000003
end_of_initialization            cinit        0020A8
forward@mL                       cstackCOMRAM 00001B
forward@mR                       cstackCOMRAM 00001D
initDCmotorsPWM@PWMperiod        cstackCOMRAM 000003
int$flags                        temp         00005C
intlevel0                        text         000000
intlevel1                        text         000000
intlevel2                        text         000000
intlevel3                        text         000000
isa$std                          (abs)        000001
isa$xinst                        (abs)        000000
left_45@count                    cstackCOMRAM 00001F
left_45@i                        cstackCOMRAM 000024
left_45@left_timer               cstackCOMRAM 000020
left_45@mL                       cstackCOMRAM 00001B
left_45@mR                       cstackCOMRAM 00001D
motor_init@mL                    cstackCOMRAM 000003
motor_init@mR                    cstackCOMRAM 000005
movement@count                   cstackCOMRAM 000029
movement@mL                      cstackCOMRAM 000025
movement@mR                      cstackCOMRAM 000027
movement_return@count            cstackCOMRAM 00002F
movement_return@mL               cstackCOMRAM 00002B
movement_return@mR               cstackCOMRAM 00002D
return_home@mL                   cstackCOMRAM 000030
return_home@mR                   cstackCOMRAM 000032
reverse@mL                       cstackCOMRAM 00001B
reverse@mR                       cstackCOMRAM 00001D
reverse_pink@mL                  cstackCOMRAM 000025
reverse_pink@mR                  cstackCOMRAM 000027
reverse_yellow@mL                cstackCOMRAM 000025
reverse_yellow@mR                cstackCOMRAM 000027
right_45@count                   cstackCOMRAM 00001F
right_45@i                       cstackCOMRAM 000024
right_45@mL                      cstackCOMRAM 00001B
right_45@mR                      cstackCOMRAM 00001D
right_45@right_timer             cstackCOMRAM 000020
setMotorPWM@m                    cstackCOMRAM 000010
setMotorPWM@negDuty              cstackCOMRAM 000015
setMotorPWM@posDuty              cstackCOMRAM 000014
space@mL                         cstackCOMRAM 00001B
space@mR                         cstackCOMRAM 00001D
stackhi                          (abs)        000000
stacklo                          (abs)        000000
start                            init         000044
start_initialization             cinit        002050
stop@i                           cstackCOMRAM 00001A
stop@mL                          cstackCOMRAM 000016
stop@mR                          cstackCOMRAM 000018
ttemp5                           temp         00005D
ttemp6                           temp         000060
ttemp7                           temp         000064
wtemp8                           temp         00005D


MODULE INFORMATION

Module		Function		Class		Link	Load	Size
serial.c
		_initUSART4    		CODE           	240E	0000	32

serial.c estimated size: 32

timers.c
		_Timer0_init   		CODE           	244E	0000	32
		_timer_reset   		CODE           	249E	0000	18

timers.c estimated size: 50

C:\Program Files\Microchip\xc8\v2.40\pic\sources\c99\common\sprcdiv.c
		___fldiv       		CODE           	0954	0000	922

C:\Program Files\Microchip\xc8\v2.40\pic\sources\c99\common\sprcdiv.c estimated size: 922

C:\Program Files\Microchip\xc8\v2.40\pic\sources\c99\common\lwdiv.c
		___lwdiv       		CODE           	1F04	0000	116

C:\Program Files\Microchip\xc8\v2.40\pic\sources\c99\common\lwdiv.c estimated size: 116

color.c
		_color_writetoaddr		CODE           	242E	0000	32
		_color_click_init		CODE           	2342	0000	52
		_return_home   		CODE           	1326	0000	374
		_color_read_Green		CODE           	2102	0000	80
		_color_read_Clear		CODE           	2152	0000	80
		_READcolor     		CODE           	1608	0000	314
		_color_read_Red		CODE           	20B2	0000	80
		_buggy_color_response		CODE           	0048	0000	2316
		_delay_ms_func 		CODE           	22C2	0000	64
		_color_read_Blue		CODE           	21A2	0000	80

color.c estimated size: 3472

C:\Program Files\Microchip\xc8\v2.40\pic\sources\c99\common\Umul16.c
		___wmul        		CODE           	23C8	0000	38

C:\Program Files\Microchip\xc8\v2.40\pic\sources\c99\common\Umul16.c estimated size: 38

dc_motor.c
		_movement_return		CODE           	117C	0000	426
		_reverse_yellow		CODE           	1E00	0000	130
		_stop          		CODE           	1FE6	0000	106
		_initDCmotorsPWM		CODE           	1D70	0000	144
		_right_45      		CODE           	1742	0000	298
		_forward       		CODE           	1B9C	0000	234
		_left_45       		CODE           	186C	0000	298
		_setMotorPWM   		CODE           	149C	0000	364
		_movement      		CODE           	0CEE	0000	730
		_motor_init    		CODE           	21F2	0000	76
		_space         		CODE           	1A9A	0000	258
		_reverse       		CODE           	1C86	0000	234
		_reverse_pink  		CODE           	1E82	0000	130

dc_motor.c estimated size: 3428

interrupts.c
		_interrupts_init		CODE           	24B0	0000	16
		_LowISR        		CODE           	0018	0000	44

interrupts.c estimated size: 60

i2c.c
		_I2C_2_Master_Start		CODE           	24D6	0000	10
		_I2C_2_Master_Read		CODE           	2280	0000	66
		_I2C_2_Master_Idle		CODE           	23A0	0000	40
		_I2C_2_Master_Init		CODE           	2376	0000	42
		_I2C_2_Master_Stop		CODE           	24CC	0000	10
		_I2C_2_Master_RepStart		CODE           	24E0	0000	10
		_I2C_2_Master_Write		CODE           	24C0	0000	12

i2c.c estimated size: 190

calibration.c
		_custom_delay  		CODE           	2302	0000	64

calibration.c estimated size: 64

initialisation.c
		_complete_initialisation		CODE           	223E	0000	66

initialisation.c estimated size: 66

C:\Program Files\Microchip\xc8\v2.40\pic\sources\c99\common\xxtofl.c
		___xxtofl      		CODE           	0FC8	0000	436

C:\Program Files\Microchip\xc8\v2.40\pic\sources\c99\common\xxtofl.c estimated size: 436

shared
		__initialization		CODE           	2050	0000	88

shared estimated size: 88

ADC.c
		_ADC_init      		CODE           	246E	0000	26

ADC.c estimated size: 26

C:\Program Files\Microchip\xc8\v2.40\pic\sources\c99\common\flge.c
		___flge        		CODE           	1996	0000	260

C:\Program Files\Microchip\xc8\v2.40\pic\sources\c99\common\flge.c estimated size: 260

main.c
		_main          		CODE           	1F78	0000	110

main.c estimated size: 110

lights_buttons.c
		_ports_init    		CODE           	23EE	0000	32
		_buggyLEDs_init		CODE           	2488	0000	22

lights_buttons.c estimated size: 54

