Microchip MPLAB XC8 Compiler V2.40

Linker command line:

-W-3 --edf=D:\ECM\pic\dat\20220703182018_en.msgs -cn \
  -h+dist/default/production\Final-project.X.production.sym \
  --cmf=dist/default/production\Final-project.X.production.cmf -z \
  -Q18F67K40 -oC:\Users\adity\AppData\Local\Temp\xcAsct8.4 \
  --defsym=__MPLAB_BUILD=1 --fixupoverflow=error \
  -Mdist/default/production/Final-project.X.production.map \
  --md=C:\Users\adity\AppData\Local\Temp\xcAsct8.dat -E1 -ver=XC8 Compiler \
  --acfsm=1493 -ACODE=00h-01FFFFh -ACONST=00h-01FFFFh \
  -ASMALLCONST=0E00h-0EFFhx498 -AMEDIUMCONST=0E00h-0FFFFh,010E00h-01FFFFh \
  -ACOMRAM=01h-05Fh -AABS1=00h-0DE9h -ABIGRAM=01h-0DE9h \
  -ARAM=060h-0FFh,0100h-01FFhx12,0D00h-0DE9h -ABANK0=060h-0FFh \
  -ABANK1=0100h-01FFh -ABANK2=0200h-02FFh -ABANK3=0300h-03FFh \
  -ABANK4=0400h-04FFh -ABANK5=0500h-05FFh -ABANK6=0600h-06FFh \
  -ABANK7=0700h-07FFh -ABANK8=0800h-08FFh -ABANK9=0900h-09FFh \
  -ABANK10=0A00h-0AFFh -ABANK11=0B00h-0BFFh -ABANK12=0C00h-0CFFh \
  -ABANK13=0D00h-0DE9h \
  -ASFR=0DEFh-0DFFh,0E00h-0EFFh,0F00h-0F5Fh,0F60h-0FFFh \
  -ABIGSFR=0DEFh-0FFFh -ACONFIG=0300000h-030000Bh -AIDLOC=0200000h-020000Fh \
  -AEEDATA=0310000h-03103FFh -peeprom_data=EEDATA \
  -preset_vec=00h,intcode=08h,intcodelo,powerup,init -pramtop=0E00h \
  -psmallconst=SMALLCONST -pmediumconst=MEDIUMCONST -pconst=CONST \
  -AFARRAM=00h-00h \
  -prdata=COMRAM,nvrram=COMRAM,nvbit=COMRAM,rbss=COMRAM,rbit=COMRAM \
  -pfarbss=FARRAM,fardata=FARRAM,nvFARRAM=FARRAM \
  -pintsave_regs=BIGRAM,bigbss=BIGRAM,bigdata=BIGRAM -pbss=RAM \
  -pidata=CODE,irdata=CODE,ibigdata=CODE,ifardata=CODE -prparam=COMRAM \
  C:\Users\adity\AppData\Local\Temp\xcAsct8.o \
  dist/default/production\Final-project.X.production.o 

Object code version is 3.11

Machine type is 18F67K40



                Name                               Link     Load   Length Selector   Space Scale
C:\Users\adity\AppData\Local\Temp\xcAsct8.o
                idloc                            200000   200000       10        0       5
                config                           300000   300000        C        0       4
                init                                 76       76        4        4       0
                reset_vec                             0        0        4        0       0
dist/default/production\Final-project.X.production.o
                intcode                               8        8       6E        4       0
                idloc                            200000   200000       10        0       5
                config                           300000   300000        C        0       4
                temp                                 5B       5B        1        1       1
                smallconst                          E00      E00       32      700       0
                text33                             1B14     1B14       2C      719       0
                text32                             1C14     1C14       18      719       0
                text31                             1B6A     1B6A       2A      719       0
                text29                             1C38     1C38        C      719       0
                text28                             1B40     1B40       2A      719       0
                text27                             1B94     1B94       28      719       0
                text26                             1C58     1C58        A      719       0
                text25                             1C4E     1C4E        A      719       0
                text24                             1C2C     1C2C        C      719       0
                text23                             1BDC     1BDC       20      719       0
                text22                             1A7E     1A7E       34      719       0
                text21                             19FC     19FC       42      719       0
                text20                             1C44     1C44        A      719       0
                text19                             1968     1968       50      719       0
                text18                             1918     1918       50      719       0
                text17                             18C8     18C8       50      719       0
                text16                             1878     1878       50      719       0
                text15                             16CC     16CC       90      719       0
                text14                             1BBC     1BBC       20      719       0
                text13                             1BFC     1BFC       18      719       0
                text12                             1AE4     1AE4       30      719       0
                text11                             10AE     10AE      188      719       0
                text10                             1236     1236      164      719       0
                text9                              1A3E     1A3E       40      719       0
                text8                              1C62     1C62        2      719       0
                text7                              1602     1602       CA      719       0
                text6                              19B8     19B8       44      719       0
                text5                              175C     175C       7A      719       0
                text4                               E32      E32      27C      719       0
                text3                              139A     139A      14E      719       0
                text2                              1828     1828       50      719       0
                text1                              17D6     17D6       52      719       0
                text0                              14E8     14E8      11A      719       0
                cstackCOMRAM                          1        1       56        1       1
                cstackBANK0                          60       60       63       60       1
                bssBANK1                            100      100       3C      100       1
                bssBANK0                             C3       C3       39       60       1
                bssCOMRAM                            57       57        4        1       1
                cinit                              1AB2     1AB2       32      719       0

TOTAL           Name                               Link     Load   Length     Space
        CLASS   CODE           
                intcode                               8        8       6E         0
                init                                 76       76        4         0
                reset_vec                             0        0        4         0
                text33                             1B14     1B14       2C         0
                text32                             1C14     1C14       18         0
                text31                             1B6A     1B6A       2A         0
                text29                             1C38     1C38        C         0
                text28                             1B40     1B40       2A         0
                text27                             1B94     1B94       28         0
                text26                             1C58     1C58        A         0
                text25                             1C4E     1C4E        A         0
                text24                             1C2C     1C2C        C         0
                text23                             1BDC     1BDC       20         0
                text22                             1A7E     1A7E       34         0
                text21                             19FC     19FC       42         0
                text20                             1C44     1C44        A         0
                text19                             1968     1968       50         0
                text18                             1918     1918       50         0
                text17                             18C8     18C8       50         0
                text16                             1878     1878       50         0
                text15                             16CC     16CC       90         0
                text14                             1BBC     1BBC       20         0
                text13                             1BFC     1BFC       18         0
                text12                             1AE4     1AE4       30         0
                text11                             10AE     10AE      188         0
                text10                             1236     1236      164         0
                text9                              1A3E     1A3E       40         0
                text8                              1C62     1C62        2         0
                text7                              1602     1602       CA         0
                text6                              19B8     19B8       44         0
                text5                              175C     175C       7A         0
                text4                               E32      E32      27C         0
                text3                              139A     139A      14E         0
                text2                              1828     1828       50         0
                text1                              17D6     17D6       52         0
                text0                              14E8     14E8      11A         0
                cinit                              1AB2     1AB2       32         0

        CLASS   CONST          

        CLASS   SMALLCONST     
                smallconst                          E00      E00       32         0

        CLASS   MEDIUMCONST    

        CLASS   COMRAM         
                temp                                 5B       5B        1         1
                cstackCOMRAM                          1        1       56         1
                bssCOMRAM                            57       57        4         1

        CLASS   ABS1           

        CLASS   BIGRAM         

        CLASS   RAM            

        CLASS   BANK0          
                cstackBANK0                          60       60       63         1
                bssBANK0                             C3       C3       39         1

        CLASS   BANK1          
                bssBANK1                            100      100       3C         1

        CLASS   BANK2          

        CLASS   BANK3          

        CLASS   BANK4          

        CLASS   BANK5          

        CLASS   BANK6          

        CLASS   BANK7          

        CLASS   BANK8          

        CLASS   BANK9          

        CLASS   BANK10         

        CLASS   BANK11         

        CLASS   BANK12         

        CLASS   BANK13         

        CLASS   SFR            

        CLASS   BIGSFR         

        CLASS   CONFIG         
                config                           300000   300000        C         4

        CLASS   IDLOC          
                idloc                            200000   200000       10         5

        CLASS   EEDATA         

        CLASS   FARRAM         

        CLASS   HEAP           

        CLASS   STACK          



SEGMENTS        Name                           Load    Length   Top    Selector   Space  Class

                reset_vec                      000000  000004  000004         0       0  CODE    
                cstackCOMRAM                   000001  00005B  00005C         1       1  COMRAM  
                intcode                        000008  000072  00007A         4       0  CODE    
                cstackBANK0                    000060  00009C  0000FC        60       1  BANK0   
                bssBANK1                       000100  00003C  00013C       100       1  BANK1   
                smallconst                     000E00  000032  000E32       700       0  SMALLCON
                text4                          000E32  000E32  001C64       719       0  CODE    


UNUSED ADDRESS RANGES

        Name                Unused          Largest block    Delta
        BANK0            0000FC-0000FF                4
        BANK1            00013C-0001FF               C4
        BANK10           000A00-000AFF              100
        BANK11           000B00-000BFF              100
        BANK12           000C00-000CFF              100
        BANK13           000D00-000DE9               EA
        BANK2            000200-0002FF              100
        BANK3            000300-0003FF              100
        BANK4            000400-0004FF              100
        BANK5            000500-0005FF              100
        BANK6            000600-0006FF              100
        BANK7            000700-0007FF              100
        BANK8            000800-0008FF              100
        BANK9            000900-0009FF              100
        BIGRAM           00005C-00005F                4
                         0000FC-0000FF                4
                         00013C-000DE9              CAE
        BIGSFR           000DEF-000FFF              211
        CODE             000004-000007                4
                         00007A-000DFF              D86
                         001C64-01FFFF            1E39C
        COMRAM           00005C-00005F                4
        CONST            000004-000007                4
                         00007A-000DFF              D86
                         001C64-01FFFF            1E39C
        EEDATA           310000-3103FF              400
        MEDIUMCONST      001C64-00FFFF             E39C
                         010E00-01FFFF             F200
        RAM              0000FC-0000FF                4
                         00013C-000DE9              100
        SFR              000DEF-000FFF              100
        SMALLCONST       001C64-01FFFF              100

                                  Symbol Table

?___aodiv                      cstackCOMRAM 000005
?___aomod                      cstackCOMRAM 000005
?_abs                          cstackCOMRAM 000017
?_color_read_Blue              cstackCOMRAM 000009
?_color_read_Clear             cstackCOMRAM 000009
?_color_read_Green             cstackCOMRAM 000009
?_color_read_Red               cstackCOMRAM 000009
?_sprintf                      cstackBANK0  000066
?_vfprintf                     cstackBANK0  000060
I2C_2_Master_Read@ack          cstackCOMRAM 000007
I2C_2_Master_Read@tmp          cstackCOMRAM 000008
I2C_2_Master_Write@data_byte   cstackCOMRAM 000006
_ANSELDbits                    (abs)        000EA7
_ANSELFbits                    (abs)        000EB4
_BAUD4CONbits                  (abs)        000EE9
_CCP1CONbits                   (abs)        000FAB
_CCP2CONbits                   (abs)        000FA7
_CCP3CONbits                   (abs)        000F26
_CCP4CONbits                   (abs)        000F22
_CCPR1H                        (abs)        000FAA
_CCPR2H                        (abs)        000FA6
_CCPR3H                        (abs)        000F25
_CCPR4H                        (abs)        000F21
_CCPTMRS0bits                  (abs)        000FAD
_EUSART4RXbuf                  bssBANK0     0000C3
_EUSART4TXbuf                  bssBANK1     000100
_HighISR                       intcode      000008
_I2C_2_Master_Idle             text27       001B94
_I2C_2_Master_Init             text28       001B40
_I2C_2_Master_Read             text21       0019FC
_I2C_2_Master_RepStart         text20       001C44
_I2C_2_Master_Start            text26       001C58
_I2C_2_Master_Stop             text25       001C4E
_I2C_2_Master_Write            text24       001C2C
_INTCONbits                    (abs)        000FF2
_Interrupts_init               text29       001C38
_LATAbits                      (abs)        000F79
_LATCbits                      (abs)        000F7B
_LATEbits                      (abs)        000F7D
_LATFbits                      (abs)        000F7E
_LATGbits                      (abs)        000F7F
_PIE4bits                      (abs)        000E2D
_PIR4bits                      (abs)        000E37
_PORTFbits                     (abs)        000F8E
_RC0PPS                        (abs)        000E62
_RC4REG                        (abs)        000EE3
_RC4STAbits                    (abs)        000EE7
_RC7PPS                        (abs)        000E69
_RD5PPS                        (abs)        000E6F
_RD6PPS                        (abs)        000E70
_RE2PPS                        (abs)        000E74
_RE4PPS                        (abs)        000E76
_RG6PPS                        (abs)        000E88
_RX4PPS                        (abs)        000E15
_RxBufReadCnt                  bssCOMRAM    000059
_RxBufWriteCnt                 bssCOMRAM    00005A
_SP4BRGH                       (abs)        000EE6
_SP4BRGL                       (abs)        000EE5
_SSP2ADD                       (abs)        000ED6
_SSP2BUF                       (abs)        000ED5
_SSP2CLKPPS                    (abs)        000E1C
_SSP2CON1bits                  (abs)        000ED9
_SSP2CON2                      (abs)        000EDA
_SSP2CON2bits                  (abs)        000EDA
_SSP2DATPPS                    (abs)        000E1D
_SSP2STAT                      (abs)        000ED8
_T2CLKCONbits                  (abs)        000FBF
_T2CONbits                     (abs)        000FBD
_T2HLTbits                     (abs)        000FBE
_T2PR                          (abs)        000FBC
_TRISAbits                     (abs)        000F81
_TRISCbits                     (abs)        000F83
_TRISDbits                     (abs)        000F84
_TRISEbits                     (abs)        000F85
_TRISFbits                     (abs)        000F86
_TRISGbits                     (abs)        000F87
_TX4REG                        (abs)        000EE4
_TX4STAbits                    (abs)        000EE8
_TxBufReadCnt                  bssCOMRAM    000057
_TxBufWriteCnt                 bssCOMRAM    000058
__HRAM                         (abs)        000000
__Habs1                        abs1         000000
__Hbank0                       bank0        000000
__Hbank1                       bank1        000000
__Hbank10                      bank10       000000
__Hbank11                      bank11       000000
__Hbank12                      bank12       000000
__Hbank13                      bank13       000000
__Hbank2                       bank2        000000
__Hbank3                       bank3        000000
__Hbank4                       bank4        000000
__Hbank5                       bank5        000000
__Hbank6                       bank6        000000
__Hbank7                       bank7        000000
__Hbank8                       bank8        000000
__Hbank9                       bank9        000000
__Hbigbss                      bigbss       000000
__Hbigdata                     bigdata      000000
__Hbigram                      bigram       000000
__Hbigsfr                      bigsfr       000000
__Hbss                         bss          000000
__HbssBANK0                    bssBANK0     000000
__HbssBANK1                    bssBANK1     000000
__HbssCOMRAM                   bssCOMRAM    000000
__Hcinit                       cinit        000000
__Hclrtext                     clrtext      000000
__Hcomram                      comram       000000
__Hconfig                      config       30000C
__Hconst                       const        000000
__HcstackBANK0                 cstackBANK0  000000
__HcstackCOMRAM                cstackCOMRAM 000000
__Hdata                        data         000000
__Heeprom_data                 eeprom_data  000000
__Hfarbss                      farbss       000000
__Hfardata                     fardata      000000
__Hheap                        heap         000000
__Hibigdata                    ibigdata     000000
__Hidata                       idata        000000
__Hidloc                       idloc        200010
__Hifardata                    ifardata     000000
__Hinit                        init         00007A
__Hintcode                     intcode      000076
__Hintcode_body                intcode_body 000000
__Hintcodelo                   intcodelo    000076
__Hintentry                    intentry     000000
__Hintret                      intret       000000
__Hintsave_regs                intsave_regs 000000
__Hirdata                      irdata       000000
__Hmediumconst                 mediumconst  000000
__HnvFARRAM                    nvFARRAM     000000
__Hnvbit                       nvbit        000000
__Hnvrram                      nvrram       000000
__Hparam                       rparam       000000
__Hpowerup                     powerup      000076
__Hram                         ram          000000
__Hramtop                      ramtop       000E00
__Hrbit                        rbit         000000
__Hrbss                        rbss         000000
__Hrdata                       rdata        000000
__Hreset_vec                   reset_vec    000004
__Hrparam                      rparam       000000
__Hsfr                         sfr          000000
__Hsmallconst                  smallconst   000E32
__Hspace_0                     (abs)        001C64
__Hspace_1                     (abs)        00013C
__Hspace_2                     (abs)        000000
__Hspace_4                     (abs)        60000C
__Hstack                       stack        000000
__Hstruct                      struct       000000
__Htemp                        temp         00005C
__Htext                        text         000000
__Htext0                       text0        000000
__Htext1                       text1        000000
__Htext10                      text10       000000
__Htext11                      text11       000000
__Htext12                      text12       000000
__Htext13                      text13       000000
__Htext14                      text14       000000
__Htext15                      text15       000000
__Htext16                      text16       000000
__Htext17                      text17       000000
__Htext18                      text18       000000
__Htext19                      text19       000000
__Htext2                       text2        000000
__Htext20                      text20       000000
__Htext21                      text21       000000
__Htext22                      text22       000000
__Htext23                      text23       000000
__Htext24                      text24       000000
__Htext25                      text25       000000
__Htext26                      text26       000000
__Htext27                      text27       000000
__Htext28                      text28       000000
__Htext29                      text29       000000
__Htext3                       text3        000000
__Htext31                      text31       000000
__Htext32                      text32       000000
__Htext33                      text33       000000
__Htext4                       text4        000000
__Htext5                       text5        000000
__Htext6                       text6        000000
__Htext7                       text7        000000
__Htext8                       text8        000000
__Htext9                       text9        000000
__LRAM                         (abs)        000001
__Labs1                        abs1         000000
__Lbank0                       bank0        000000
__Lbank1                       bank1        000000
__Lbank10                      bank10       000000
__Lbank11                      bank11       000000
__Lbank12                      bank12       000000
__Lbank13                      bank13       000000
__Lbank2                       bank2        000000
__Lbank3                       bank3        000000
__Lbank4                       bank4        000000
__Lbank5                       bank5        000000
__Lbank6                       bank6        000000
__Lbank7                       bank7        000000
__Lbank8                       bank8        000000
__Lbank9                       bank9        000000
__Lbigbss                      bigbss       000000
__Lbigdata                     bigdata      000000
__Lbigram                      bigram       000000
__Lbigsfr                      bigsfr       000000
__Lbss                         bss          000000
__LbssBANK0                    bssBANK0     000000
__LbssBANK1                    bssBANK1     000000
__LbssCOMRAM                   bssCOMRAM    000000
__Lcinit                       cinit        000000
__Lclrtext                     clrtext      000000
__Lcomram                      comram       000000
__Lconfig                      config       000000
__Lconst                       const        000000
__LcstackBANK0                 cstackBANK0  000000
__LcstackCOMRAM                cstackCOMRAM 000000
__Ldata                        data         000000
__Leeprom_data                 eeprom_data  000000
__Lfarbss                      farbss       000000
__Lfardata                     fardata      000000
__Lheap                        heap         000000
__Libigdata                    ibigdata     000000
__Lidata                       idata        000000
__Lidloc                       idloc        000000
__Lifardata                    ifardata     000000
__Linit                        init         000076
__Lintcode                     intcode      000008
__Lintcode_body                intcode_body 000000
__Lintcodelo                   intcodelo    000076
__Lintentry                    intentry     000000
__Lintret                      intret       000000
__Lintsave_regs                intsave_regs 000000
__Lirdata                      irdata       000000
__Lmediumconst                 mediumconst  000000
__LnvFARRAM                    nvFARRAM     000000
__Lnvbit                       nvbit        000000
__Lnvrram                      nvrram       000000
__Lparam                       rparam       000000
__Lpowerup                     powerup      000076
__Lram                         ram          000000
__Lramtop                      ramtop       000E00
__Lrbit                        rbit         000000
__Lrbss                        rbss         000000
__Lrdata                       rdata        000000
__Lreset_vec                   reset_vec    000000
__Lrparam                      rparam       000000
__Lsfr                         sfr          000000
__Lsmallconst                  smallconst   000E00
__Lspace_0                     (abs)        000000
__Lspace_1                     (abs)        000000
__Lspace_2                     (abs)        000000
__Lspace_4                     (abs)        000000
__Lstack                       stack        000000
__Lstruct                      struct       000000
__Ltemp                        temp         00005B
__Ltext                        text         000000
__Ltext0                       text0        000000
__Ltext1                       text1        000000
__Ltext10                      text10       000000
__Ltext11                      text11       000000
__Ltext12                      text12       000000
__Ltext13                      text13       000000
__Ltext14                      text14       000000
__Ltext15                      text15       000000
__Ltext16                      text16       000000
__Ltext17                      text17       000000
__Ltext18                      text18       000000
__Ltext19                      text19       000000
__Ltext2                       text2        000000
__Ltext20                      text20       000000
__Ltext21                      text21       000000
__Ltext22                      text22       000000
__Ltext23                      text23       000000
__Ltext24                      text24       000000
__Ltext25                      text25       000000
__Ltext26                      text26       000000
__Ltext27                      text27       000000
__Ltext28                      text28       000000
__Ltext29                      text29       000000
__Ltext3                       text3        000000
__Ltext31                      text31       000000
__Ltext32                      text32       000000
__Ltext33                      text33       000000
__Ltext4                       text4        000000
__Ltext5                       text5        000000
__Ltext6                       text6        000000
__Ltext7                       text7        000000
__Ltext8                       text8        000000
__Ltext9                       text9        000000
__S0                           (abs)        001C64
__S1                           (abs)        00013C
__S4                           (abs)        000000
__S5                           (abs)        000000
___aodiv                       text11       0010AE
___aodiv@counter               cstackCOMRAM 000015
___aodiv@dividend              cstackCOMRAM 000005
___aodiv@divisor               cstackCOMRAM 00000D
___aodiv@quotient              cstackCOMRAM 000017
___aodiv@sign                  cstackCOMRAM 000016
___aomod                       text10       001236
___aomod@counter               cstackCOMRAM 000015
___aomod@dividend              cstackCOMRAM 000005
___aomod@divisor               cstackCOMRAM 00000D
___aomod@sign                  cstackCOMRAM 000016
___heap_hi                     (abs)        000000
___heap_lo                     (abs)        000000
___inthi_sp                    stack        000000
___intlo_sp                    stack        000000
___param_bank                  (abs)        000000
___rparam_used                 (abs)        000001
___sp                          stack        000000
__accesstop                    (abs)        000060
__activetblptr                 (abs)        000001
__end_of_HighISR               intcode      000076
__end_of_I2C_2_Master_Idle     text27       001BBC
__end_of_I2C_2_Master_Init     text28       001B6A
__end_of_I2C_2_Master_Read     text21       001A3E
__end_of_I2C_2_Master_RepStart text20       001C4E
__end_of_I2C_2_Master_Start    text26       001C62
__end_of_I2C_2_Master_Stop     text25       001C58
__end_of_I2C_2_Master_Write    text24       001C38
__end_of_Interrupts_init       text29       001C44
__end_of___aodiv               text11       001236
__end_of___aomod               text10       00139A
__end_of__initialization       cinit        001AD2
__end_of_abs                   text9        001A7E
__end_of_color_click_init      text22       001AB2
__end_of_color_read_Blue       text19       0019B8
__end_of_color_read_Clear      text18       001968
__end_of_color_read_Green      text17       001918
__end_of_color_read_Red        text16       0018C8
__end_of_color_writetoaddr     text23       001BFC
__end_of_dtoa                  text4        0010AE
__end_of_fputc                 text7        0016CC
__end_of_fputs                 text6        0019FC
__end_of_getCharFromTxBuf      text33       001B40
__end_of_initDCmotorsPWM       text15       00175C
__end_of_initUSART4            text14       001BDC
__end_of_isDataInTxBuf         text32       001C2C
__end_of_main                  text0        001602
__end_of_pad                   text5        0017D6
__end_of_putCharToRxBuf        text31       001B94
__end_of_putch                 text8        001C64
__end_of_sendCharSerial4       text13       001C14
__end_of_sendStringSerial4     text12       001B14
__end_of_sprintf               text1        001828
__end_of_vfpfcnvrt             text3        0014E8
__end_of_vfprintf              text2        001878
__initialization               cinit        001AB2
__mediumconst                  mediumconst  000000
__pbssBANK0                    bssBANK0     0000C3
__pbssBANK1                    bssBANK1     000100
__pbssCOMRAM                   bssCOMRAM    000057
__pcinit                       cinit        001AB2
__pcstackBANK0                 cstackBANK0  000060
__pcstackCOMRAM                cstackCOMRAM 000001
__pintcode                     intcode      000008
__psmallconst                  smallconst   000E00
__ptext0                       text0        0014E8
__ptext1                       text1        0017D6
__ptext10                      text10       001236
__ptext11                      text11       0010AE
__ptext12                      text12       001AE4
__ptext13                      text13       001BFC
__ptext14                      text14       001BBC
__ptext15                      text15       0016CC
__ptext16                      text16       001878
__ptext17                      text17       0018C8
__ptext18                      text18       001918
__ptext19                      text19       001968
__ptext2                       text2        001828
__ptext20                      text20       001C44
__ptext21                      text21       0019FC
__ptext22                      text22       001A7E
__ptext23                      text23       001BDC
__ptext24                      text24       001C2C
__ptext25                      text25       001C4E
__ptext26                      text26       001C58
__ptext27                      text27       001B94
__ptext28                      text28       001B40
__ptext29                      text29       001C38
__ptext3                       text3        00139A
__ptext31                      text31       001B6A
__ptext32                      text32       001C14
__ptext33                      text33       001B14
__ptext4                       text4        000E32
__ptext5                       text5        00175C
__ptext6                       text6        0019B8
__ptext7                       text7        001602
__ptext8                       text8        001C62
__ptext9                       text9        001A3E
__ramtop                       ramtop       000E00
__smallconst                   smallconst   000E00
_abs                           text9        001A3E
_color_click_init              text22       001A7E
_color_read_Blue               text19       001968
_color_read_Clear              text18       001918
_color_read_Green              text17       0018C8
_color_read_Red                text16       001878
_color_writetoaddr             text23       001BDC
_dbuf                          bssBANK0     0000DC
_dtoa                          text4        000E32
_dtoa$2146                     cstackCOMRAM 000032
_flags                         bssBANK0     0000DB
_fputc                         text7        001602
_fputs                         text6        0019B8
_getCharFromTxBuf              text33       001B14
_initDCmotorsPWM               text15       0016CC
_initUSART4                    text14       001BBC
_isDataInTxBuf                 text32       001C14
_main                          text0        0014E8
_pad                           text5        00175C
_prec                          bssBANK0     0000D9
_putCharToRxBuf                text31       001B6A
_putch                         text8        001C62
_sendCharSerial4               text13       001BFC
_sendStringSerial4             text12       001AE4
_sprintf                       text1        0017D6
_vfpfcnvrt                     text3        00139A
_vfprintf                      text2        001828
_width                         bssBANK0     0000D7
abs@a                          cstackCOMRAM 000017
btemp                          temp         00005B
color_read_Blue@tmp            cstackCOMRAM 00000E
color_read_Clear@tmp           cstackCOMRAM 00000E
color_read_Green@tmp           cstackCOMRAM 00000E
color_read_Red@tmp             cstackCOMRAM 00000E
color_writetoaddr@address      cstackCOMRAM 000008
color_writetoaddr@value        cstackCOMRAM 000007
dtoa@d                         cstackCOMRAM 000022
dtoa@fp                        cstackCOMRAM 000020
dtoa@i                         cstackCOMRAM 000041
dtoa@n                         cstackCOMRAM 000038
dtoa@p                         cstackCOMRAM 000034
dtoa@s                         cstackCOMRAM 000040
dtoa@w                         cstackCOMRAM 000036
end_of_initialization          cinit        001AD2
fputc@c                        cstackCOMRAM 000005
fputc@fp                       cstackCOMRAM 000007
fputs@c                        cstackCOMRAM 000012
fputs@fp                       cstackCOMRAM 000010
fputs@i                        cstackCOMRAM 000013
fputs@s                        cstackCOMRAM 00000E
initDCmotorsPWM@PWMperiod      cstackCOMRAM 000005
int$flags                      temp         00005B
intlevel0                      text         000000
intlevel1                      text         000000
intlevel2                      text         000000
intlevel3                      text         000000
isa$std                        (abs)        000001
isa$xinst                      (abs)        000000
main@B                         cstackBANK0  0000AB
main@C                         cstackBANK0  0000AF
main@G                         cstackBANK0  0000AD
main@R                         cstackBANK0  0000A9
main@buf                       cstackBANK0  000081
main@motorL                    cstackBANK0  0000B1
main@motorR                    cstackBANK0  0000BA
pad@buf                        cstackCOMRAM 000017
pad@fp                         cstackCOMRAM 000015
pad@i                          cstackCOMRAM 00001C
pad@p                          cstackCOMRAM 000019
pad@w                          cstackCOMRAM 00001E
putCharToRxBuf@byte            cstackCOMRAM 000001
sendCharSerial4@charToSend     cstackCOMRAM 000005
sendStringSerial4@string       cstackCOMRAM 000006
sprintf@ap                     cstackBANK0  000072
sprintf@f                      cstackBANK0  000074
sprintf@fmt                    cstackBANK0  000068
sprintf@s                      cstackBANK0  000066
stackhi                        (abs)        000000
stacklo                        (abs)        000000
start                          init         000076
start_initialization           cinit        001AB2
ttemp5                         temp         00005C
ttemp6                         temp         00005F
ttemp7                         temp         000063
vfpfcnvrt@ap                   cstackCOMRAM 000047
vfpfcnvrt@convarg              cstackCOMRAM 00004B
vfpfcnvrt@cp                   cstackCOMRAM 000053
vfpfcnvrt@fmt                  cstackCOMRAM 000045
vfpfcnvrt@fp                   cstackCOMRAM 000043
vfprintf@ap                    cstackBANK0  000064
vfprintf@cfmt                  cstackCOMRAM 000055
vfprintf@fmt                   cstackBANK0  000062
vfprintf@fp                    cstackBANK0  000060
wtemp8                         temp         00005C


MODULE INFORMATION

Module		Function		Class		Link	Load	Size
../main.c
		_main          		CODE           	14E8	0000	282

../main.c estimated size: 282

D:\ECM\pic\sources\c99\common\abs.c
		_abs           		CODE           	1A3E	0000	64

D:\ECM\pic\sources\c99\common\abs.c estimated size: 64

D:\ECM\pic\sources\c99\common\aodiv.c
		___aodiv       		CODE           	10AE	0000	392

D:\ECM\pic\sources\c99\common\aodiv.c estimated size: 392

../serial.c
		_sendStringSerial4		CODE           	1AE4	0000	48
		_sendCharSerial4		CODE           	1BFC	0000	24
		_putCharToRxBuf		CODE           	1B6A	0000	42
		_isDataInTxBuf 		CODE           	1C14	0000	24
		_getCharFromTxBuf		CODE           	1B14	0000	44
		_initUSART4    		CODE           	1BBC	0000	32

../serial.c estimated size: 214

D:\ECM\pic\sources\c99\common\nf_sprintf.c
		_sprintf       		CODE           	17D6	0000	82

D:\ECM\pic\sources\c99\common\nf_sprintf.c estimated size: 82

D:\ECM\pic\sources\c99\common\doprnt.c
		_vfpfcnvrt     		CODE           	139A	0000	334
		_pad           		CODE           	175C	0000	122
		_dtoa          		CODE           	0E32	0000	636
		_vfprintf      		CODE           	1828	0000	80

D:\ECM\pic\sources\c99\common\doprnt.c estimated size: 1172

../interrupts.c
		_Interrupts_init		CODE           	1C38	0000	12
		_HighISR       		CODE           	0008	0000	110

../interrupts.c estimated size: 122

../dc_motor.c
		_initDCmotorsPWM		CODE           	16CC	0000	144

../dc_motor.c estimated size: 144

D:\ECM\pic\sources\c99\common\nf_fputs.c
		_fputs         		CODE           	19B8	0000	68

D:\ECM\pic\sources\c99\common\nf_fputs.c estimated size: 68

shared
		__initialization		CODE           	1AB2	0000	32

shared estimated size: 32

D:\ECM\pic\sources\c99\common\aomod.c
		___aomod       		CODE           	1236	0000	356

D:\ECM\pic\sources\c99\common\aomod.c estimated size: 356

../i2c.c
		_I2C_2_Master_Start		CODE           	1C58	0000	10
		_I2C_2_Master_Read		CODE           	19FC	0000	66
		_I2C_2_Master_Idle		CODE           	1B94	0000	40
		_I2C_2_Master_Init		CODE           	1B40	0000	42
		_I2C_2_Master_Stop		CODE           	1C4E	0000	10
		_I2C_2_Master_RepStart		CODE           	1C44	0000	10
		_I2C_2_Master_Write		CODE           	1C2C	0000	12

../i2c.c estimated size: 190

D:\ECM\pic\sources\c99\common\putch.c
		_putch         		CODE           	1C62	0000	2

D:\ECM\pic\sources\c99\common\putch.c estimated size: 2

../color.c
		_color_writetoaddr		CODE           	1BDC	0000	32
		_color_click_init		CODE           	1A7E	0000	52
		_color_read_Green		CODE           	18C8	0000	80
		_color_read_Clear		CODE           	1918	0000	80
		_color_read_Red		CODE           	1878	0000	80
		_color_read_Blue		CODE           	1968	0000	80

../color.c estimated size: 404

D:\ECM\pic\sources\c99\common\nf_fputc.c
		_fputc         		CODE           	1602	0000	202

D:\ECM\pic\sources\c99\common\nf_fputc.c estimated size: 202

